#
# There is insufficient memory for the Java Runtime Environment to continue.
# Native memory allocation (malloc) failed to allocate 1048576 bytes. Error detail: AllocateHeap
# Possible reasons:
#   The system is out of physical RAM or swap space
#   This process is running with CompressedOops enabled, and the Java Heap may be blocking the growth of the native heap
# Possible solutions:
#   Reduce memory load on the system
#   Increase physical memory or swap space
#   Check if swap backing store is full
#   Decrease Java heap size (-Xmx/-Xms)
#   Decrease number of Java threads
#   Decrease Java thread stack sizes (-Xss)
#   Set larger code cache with -XX:ReservedCodeCacheSize=
#   JVM is running with Unscaled Compressed Oops mode in which the Java heap is
#     placed in the first 4GB address space. The Java Heap base address is the
#     maximum limit for the native heap growth. Please use -XX:HeapBaseMinAddress
#     to set the Java Heap base and to place the Java Heap above 4GB virtual address.
# This output file may be truncated or incomplete.
#
#  Out of Memory Error (allocation.cpp:44), pid=13004, tid=16404
#
# JRE version: OpenJDK Runtime Environment Temurin-21.0.12.1+1 (21.0.12.1+1) (build 21.0.12.1+1-LTS)
# Java VM: OpenJDK 64-Bit Server VM Temurin-21.0.12.1+1 (21.0.12.1+1-LTS, mixed mode, sharing, tiered, compressed oops, compressed class ptrs, parallel gc, windows-amd64)
# No core dump will be written. Minidumps are not enabled by default on client versions of Windows
#

---------------  S U M M A R Y ------------

Command Line: --add-modules=ALL-SYSTEM --add-opens=java.base/java.util=ALL-UNNAMED --add-opens=java.base/java.lang=ALL-UNNAMED --add-opens=java.base/sun.nio.fs=ALL-UNNAMED -Declipse.application=org.eclipse.jdt.ls.core.id1 -Dosgi.bundles.defaultStartLevel=4 -Declipse.product=org.eclipse.jdt.ls.core.product -Djava.import.generatesMetadataFilesAtProjectRoot=false -Dm2e.project.cache.size=50 -DDetectVMInstallationsJob.disabled=true -Dfile.encoding=utf8 -XX:+UseParallelGC -XX:GCTimeRatio=4 -XX:AdaptiveSizePolicyWeight=90 -Dsun.zip.disableMemoryMapping=true -Xmx2G -Xms100m -Xlog:disable -javaagent:c:\Users\Himal\.vscode\extensions\redhat.java-1.56.0-win32-x64\lombok\lombok-1.18.39-4050.jar -XX:+HeapDumpOnOutOfMemoryError -XX:HeapDumpPath=c:\Users\Himal\AppData\Roaming\Code\User\workspaceStorage\b3afb59f7a162a8b71c733874936456c\redhat.java -Daether.dependencyCollector.impl=bf c:\Users\Himal\.vscode\extensions\redhat.java-1.56.0-win32-x64\server\plugins\org.eclipse.equinox.launcher_1.8.0.v20260804-1928.jar -configuration c:\Users\Himal\AppData\Roaming\Code\User\globalStorage\redhat.java\1.56.0\config_win -data c:\Users\Himal\AppData\Roaming\Code\User\workspaceStorage\b3afb59f7a162a8b71c733874936456c\redhat.java\jdt_ws --pipe=\\.\pipe\lsp-ad5db5e1ddad445568507345ce26ab0a-sock

Host: AMD Ryzen 7 4800H with Radeon Graphics         , 16 cores, 7G,  Windows 11 , 64 bit Build 26100 (10.0.26100.9278)
Time: Sat Sep  5 14:06:48 2026 Sri Lanka Standard Time elapsed time: 782.418121 seconds (0d 0h 13m 2s)

---------------  T H R E A D  ---------------

Current thread (0x000001d4a379ec30):  JavaThread "Attach Listener" daemon [_thread_in_vm, id=16404, stack(0x000000760f500000,0x000000760f600000) (1024K)]

Stack: [0x000000760f500000,0x000000760f600000]
Native frames: (J=compiled Java code, j=interpreted, Vv=VM code, C=native code)
V  [jvm.dll+0x6d83e9]
V  [jvm.dll+0x8b5736]
V  [jvm.dll+0x8b7cee]
V  [jvm.dll+0x8b83d3]
V  [jvm.dll+0x284596]
V  [jvm.dll+0xc13c7]
V  [jvm.dll+0x6d8c99]
V  [jvm.dll+0x133616]
V  [jvm.dll+0x3f8aae]
V  [jvm.dll+0x8600cd]
V  [jvm.dll+0x6d6c1d]
C  [ucrtbase.dll+0x2cd30]
C  [KERNEL32.DLL+0x2ccb7]
C  [ntdll.dll+0xacaec]


---------------  P R O C E S S  ---------------

Threads class SMR info:
_java_thread_list=0x000001d4ff627870, length=64, elements={
0x000001d4a13343f0, 0x000001d4a37993a0, 0x000001d4a3799f00, 0x000001d4a379b0b0,
0x000001d4a379ec30, 0x000001d4a37a06a0, 0x000001d4a37a1100, 0x000001d4a37a1fe0,
0x000001d4fc5fd990, 0x000001d4fc8a1740, 0x000001d4fdefd5e0, 0x000001d4fe82f3a0,
0x000001d4fe655940, 0x000001d4fe6231e0, 0x000001d4fe624440, 0x000001d4fef96dd0,
0x000001d4ff338990, 0x000001d4ff0a03f0, 0x000001d4fe0110a0, 0x000001d4fe00e940,
0x000001d4fe00e2b0, 0x000001d4fe00efd0, 0x000001d4fe00fcf0, 0x000001d4fe010380,
0x000001d4848505e0, 0x000001d48484ff50, 0x000001d48484f8c0, 0x000001d484850c70,
0x000001d484852020, 0x000001d484851300, 0x000001d484851990, 0x000001d48484eba0,
0x000001d4848526b0, 0x000001d48484f230, 0x000001d4848561c0, 0x000001d484853a60,
0x000001d4848533d0, 0x000001d484854780, 0x000001d4848554a0, 0x000001d4848540f0,
0x000001d484855b30, 0x000001d484852d40, 0x000001d485712eb0, 0x000001d4857176e0,
0x000001d485715610, 0x000001d4855b2fd0, 0x000001d4859099e0, 0x000001d490151800,
0x000001d490151170, 0x000001d49014f0a0, 0x000001d49014f730, 0x000001d49014e380,
0x000001d490150450, 0x000001d490150ae0, 0x000001d490151e90, 0x000001d49014ea10,
0x000001d4901545f0, 0x000001d490154c80, 0x000001d490152520, 0x000001d490155310,
0x000001d4901538d0, 0x000001d4901559a0, 0x000001d490152bb0, 0x000001d4ff2f7fa0
}

Java Threads: ( => current thread )
  0x000001d4a13343f0 JavaThread "main"                              [_thread_blocked, id=11300, stack(0x000000760ee00000,0x000000760ef00000) (1024K)]
  0x000001d4a37993a0 JavaThread "Reference Handler"          daemon [_thread_blocked, id=11244, stack(0x000000760f200000,0x000000760f300000) (1024K)]
  0x000001d4a3799f00 JavaThread "Finalizer"                  daemon [_thread_blocked, id=15268, stack(0x000000760f300000,0x000000760f400000) (1024K)]
  0x000001d4a379b0b0 JavaThread "Signal Dispatcher"          daemon [_thread_blocked, id=11976, stack(0x000000760f400000,0x000000760f500000) (1024K)]
=>0x000001d4a379ec30 JavaThread "Attach Listener"            daemon [_thread_in_vm, id=16404, stack(0x000000760f500000,0x000000760f600000) (1024K)]
  0x000001d4a37a06a0 JavaThread "Service Thread"             daemon [_thread_blocked, id=18644, stack(0x000000760f600000,0x000000760f700000) (1024K)]
  0x000001d4a37a1100 JavaThread "Monitor Deflation Thread"   daemon [_thread_blocked, id=5736, stack(0x000000760f700000,0x000000760f800000) (1024K)]
  0x000001d4a37a1fe0 JavaThread "C2 CompilerThread0"         daemon [_thread_blocked, id=16924, stack(0x000000760f800000,0x000000760f900000) (1024K)]
  0x000001d4fc5fd990 JavaThread "C1 CompilerThread0"         daemon [_thread_blocked, id=4128, stack(0x000000760f900000,0x000000760fa00000) (1024K)]
  0x000001d4fc8a1740 JavaThread "Common-Cleaner"             daemon [_thread_blocked, id=5316, stack(0x000000760fd00000,0x000000760fe00000) (1024K)]
  0x000001d4fdefd5e0 JavaThread "Notification Thread"        daemon [_thread_blocked, id=13824, stack(0x000000760fe00000,0x000000760ff00000) (1024K)]
  0x000001d4fe82f3a0 JavaThread "Active Thread: Equinox Container: 78f9e969-01b6-490e-b2ac-9d81fc804b20"        [_thread_blocked, id=8440, stack(0x000000760fc00000,0x000000760fd00000) (1024K)]
  0x000001d4fe655940 JavaThread "Refresh Thread: Equinox Container: 78f9e969-01b6-490e-b2ac-9d81fc804b20" daemon [_thread_blocked, id=4024, stack(0x0000007610600000,0x0000007610700000) (1024K)]
  0x000001d4fe6231e0 JavaThread "Framework Event Dispatcher: Equinox Container: 78f9e969-01b6-490e-b2ac-9d81fc804b20" daemon [_thread_blocked, id=15660, stack(0x0000007610700000,0x0000007610800000) (1024K)]
  0x000001d4fe624440 JavaThread "Start Level: Equinox Container: 78f9e969-01b6-490e-b2ac-9d81fc804b20" daemon [_thread_blocked, id=9768, stack(0x0000007610800000,0x0000007610900000) (1024K)]
  0x000001d4fef96dd0 JavaThread "Bundle File Closer"         daemon [_thread_blocked, id=20736, stack(0x0000007610c00000,0x0000007610d00000) (1024K)]
  0x000001d4ff338990 JavaThread "SCR Component Actor"        daemon [_thread_blocked, id=10580, stack(0x000000760fa00000,0x000000760fb00000) (1024K)]
  0x000001d4ff0a03f0 JavaThread "Worker-JM"                         [_thread_blocked, id=4584, stack(0x000000760fb00000,0x000000760fc00000) (1024K)]
  0x000001d4fe0110a0 JavaThread "JNA Cleaner"                daemon [_thread_blocked, id=25044, stack(0x0000007611100000,0x0000007611200000) (1024K)]
  0x000001d4fe00e940 JavaThread "Worker-2"                          [_thread_blocked, id=3328, stack(0x0000007611400000,0x0000007611500000) (1024K)]
  0x000001d4fe00e2b0 JavaThread "Java indexing"              daemon [_thread_blocked, id=6660, stack(0x0000007611500000,0x0000007611600000) (1024K)]
  0x000001d4fe00efd0 JavaThread "Worker-3"                          [_thread_blocked, id=5612, stack(0x0000007611800000,0x0000007611900000) (1024K)]
  0x000001d4fe00fcf0 JavaThread "Thread-1"                   daemon [_thread_in_native, id=16080, stack(0x0000007611a00000,0x0000007611b00000) (1024K)]
  0x000001d4fe010380 JavaThread "Thread-2"                   daemon [_thread_in_native, id=25852, stack(0x0000007611b00000,0x0000007611c00000) (1024K)]
  0x000001d4848505e0 JavaThread "Thread-3"                   daemon [_thread_in_native, id=12792, stack(0x0000007611c00000,0x0000007611d00000) (1024K)]
  0x000001d48484ff50 JavaThread "Thread-4"                   daemon [_thread_in_native, id=20712, stack(0x0000007611d00000,0x0000007611e00000) (1024K)]
  0x000001d48484f8c0 JavaThread "Thread-5"                   daemon [_thread_in_native, id=4340, stack(0x0000007611e00000,0x0000007611f00000) (1024K)]
  0x000001d484850c70 JavaThread "Thread-6"                   daemon [_thread_in_native, id=20536, stack(0x0000007611f00000,0x0000007612000000) (1024K)]
  0x000001d484852020 JavaThread "Thread-7"                   daemon [_thread_in_native, id=19784, stack(0x0000007612000000,0x0000007612100000) (1024K)]
  0x000001d484851300 JavaThread "Thread-8"                   daemon [_thread_in_native, id=18320, stack(0x0000007612100000,0x0000007612200000) (1024K)]
  0x000001d484851990 JavaThread "Thread-9"                   daemon [_thread_in_native, id=3752, stack(0x0000007612200000,0x0000007612300000) (1024K)]
  0x000001d48484eba0 JavaThread "Thread-10"                  daemon [_thread_in_native, id=8612, stack(0x0000007612300000,0x0000007612400000) (1024K)]
  0x000001d4848526b0 JavaThread "Thread-11"                  daemon [_thread_in_native, id=5772, stack(0x0000007612400000,0x0000007612500000) (1024K)]
  0x000001d48484f230 JavaThread "Thread-12"                  daemon [_thread_in_native, id=9428, stack(0x0000007612500000,0x0000007612600000) (1024K)]
  0x000001d4848561c0 JavaThread "Thread-13"                  daemon [_thread_in_native, id=8284, stack(0x0000007612600000,0x0000007612700000) (1024K)]
  0x000001d484853a60 JavaThread "Thread-14"                  daemon [_thread_in_native, id=6304, stack(0x0000007612700000,0x0000007612800000) (1024K)]
  0x000001d4848533d0 JavaThread "Thread-15"                  daemon [_thread_in_native, id=11452, stack(0x0000007612800000,0x0000007612900000) (1024K)]
  0x000001d484854780 JavaThread "Thread-16"                  daemon [_thread_in_native, id=12212, stack(0x0000007612900000,0x0000007612a00000) (1024K)]
  0x000001d4848554a0 JavaThread "Thread-17"                  daemon [_thread_in_native, id=13164, stack(0x0000007612a00000,0x0000007612b00000) (1024K)]
  0x000001d4848540f0 JavaThread "pool-2-thread-1"                   [_thread_blocked, id=21572, stack(0x0000007612b00000,0x0000007612c00000) (1024K)]
  0x000001d484855b30 JavaThread "WorkspaceEventsHandler"            [_thread_blocked, id=16192, stack(0x0000007612c00000,0x0000007612d00000) (1024K)]
  0x000001d484852d40 JavaThread "pool-1-thread-1"                   [_thread_blocked, id=12096, stack(0x0000007612d00000,0x0000007612e00000) (1024K)]
  0x000001d485712eb0 JavaThread "LocalFile Deleter"          daemon [_thread_blocked, id=11304, stack(0x0000007613400000,0x0000007613500000) (1024K)]
  0x000001d4857176e0 JavaThread "LocalFile Deleter"          daemon [_thread_blocked, id=19316, stack(0x0000007613b00000,0x0000007613c00000) (1024K)]
  0x000001d485715610 JavaThread "LocalFile Deleter"          daemon [_thread_blocked, id=9952, stack(0x0000007613d00000,0x0000007613e00000) (1024K)]
  0x000001d4855b2fd0 JavaThread "PatternSearchJob-worker-1"  daemon [_thread_blocked, id=8728, stack(0x0000007612e00000,0x0000007612f00000) (1024K)]
  0x000001d4859099e0 JavaThread "PatternSearchJob-worker-3"  daemon [_thread_blocked, id=14860, stack(0x0000007614e00000,0x0000007614f00000) (1024K)]
  0x000001d490151800 JavaThread "PatternSearchJob-worker-4"  daemon [_thread_blocked, id=27328, stack(0x0000007614f00000,0x0000007615000000) (1024K)]
  0x000001d490151170 JavaThread "PatternSearchJob-worker-5"  daemon [_thread_blocked, id=17472, stack(0x0000007615f00000,0x0000007616000000) (1024K)]
  0x000001d49014f0a0 JavaThread "PatternSearchJob-worker-6"  daemon [_thread_blocked, id=19660, stack(0x0000007616000000,0x0000007616100000) (1024K)]
  0x000001d49014f730 JavaThread "PatternSearchJob-worker-7"  daemon [_thread_blocked, id=17632, stack(0x0000007616100000,0x0000007616200000) (1024K)]
  0x000001d49014e380 JavaThread "PatternSearchJob-worker-8"  daemon [_thread_blocked, id=21740, stack(0x0000007616200000,0x0000007616300000) (1024K)]
  0x000001d490150450 JavaThread "PatternSearchJob-worker-11" daemon [_thread_blocked, id=25292, stack(0x0000007616400000,0x0000007616500000) (1024K)]
  0x000001d490150ae0 JavaThread "PatternSearchJob-worker-10" daemon [_thread_blocked, id=13568, stack(0x0000007616500000,0x0000007616600000) (1024K)]
  0x000001d490151e90 JavaThread "PatternSearchJob-worker-12" daemon [_thread_blocked, id=26208, stack(0x0000007616700000,0x0000007616800000) (1024K)]
  0x000001d49014ea10 JavaThread "PatternSearchJob-worker-13" daemon [_thread_blocked, id=17924, stack(0x0000007616800000,0x0000007616900000) (1024K)]
  0x000001d4901545f0 JavaThread "PatternSearchJob-worker-14" daemon [_thread_blocked, id=12572, stack(0x0000007616900000,0x0000007616a00000) (1024K)]
  0x000001d490154c80 JavaThread "PatternSearchJob-worker-15" daemon [_thread_blocked, id=2520, stack(0x0000007616a00000,0x0000007616b00000) (1024K)]
  0x000001d490152520 JavaThread "Java Debug Server"          daemon [_thread_in_native, id=17880, stack(0x0000007616b00000,0x0000007616c00000) (1024K)]
  0x000001d490155310 JavaThread "pool-5-thread-1"                   [_thread_in_native, id=10196, stack(0x0000007616c00000,0x0000007616d00000) (1024K)]
  0x000001d4901538d0 JavaThread "RxSchedulerPurge-1"         daemon [_thread_blocked, id=22716, stack(0x0000007616d00000,0x0000007616e00000) (1024K)]
  0x000001d4901559a0 JavaThread "RxCachedWorkerPoolEvictor-1" daemon [_thread_blocked, id=21220, stack(0x0000007616e00000,0x0000007616f00000) (1024K)]
  0x000001d490152bb0 JavaThread "RxNewThreadScheduler-1"     daemon [_thread_blocked, id=25496, stack(0x0000007616f00000,0x0000007617000000) (1024K)]
  0x000001d4ff2f7fa0 JavaThread "process reaper (pid 21132)" daemon [_thread_in_native, id=15800, stack(0x000000760eb00000,0x000000760eb20000) (128K)]
Total: 64

Other Threads:
  0x000001d4a3793cb0 VMThread "VM Thread"                           [id=6856, stack(0x000000760f100000,0x000000760f200000) (1024K)]
  0x000001d4a368ca00 WatcherThread "VM Periodic Task Thread"        [id=6960, stack(0x000000760f000000,0x000000760f100000) (1024K)]
  0x000001d4a3827170 WorkerThread "GC Thread#0"                     [id=15196, stack(0x000000760ef00000,0x000000760f000000) (1024K)]
  0x000001d4fe4c5660 WorkerThread "GC Thread#1"                     [id=26348, stack(0x000000760ff00000,0x0000007610000000) (1024K)]
  0x000001d4fe6ae180 WorkerThread "GC Thread#2"                     [id=23396, stack(0x0000007610000000,0x0000007610100000) (1024K)]
  0x000001d4fe6b93e0 WorkerThread "GC Thread#3"                     [id=24448, stack(0x0000007610100000,0x0000007610200000) (1024K)]
  0x000001d4fe6b9790 WorkerThread "GC Thread#4"                     [id=15616, stack(0x0000007610200000,0x0000007610300000) (1024K)]
  0x000001d4fe4f4bd0 WorkerThread "GC Thread#5"                     [id=10012, stack(0x0000007610300000,0x0000007610400000) (1024K)]
  0x000001d4fe4f4f80 WorkerThread "GC Thread#6"                     [id=15476, stack(0x0000007610400000,0x0000007610500000) (1024K)]
  0x000001d4fe8b54b0 WorkerThread "GC Thread#7"                     [id=9604, stack(0x0000007610500000,0x0000007610600000) (1024K)]
  0x000001d4fe601db0 WorkerThread "GC Thread#8"                     [id=14908, stack(0x0000007610900000,0x0000007610a00000) (1024K)]
  0x000001d4fe602570 WorkerThread "GC Thread#9"                     [id=14048, stack(0x0000007610a00000,0x0000007610b00000) (1024K)]
  0x000001d4fe602920 WorkerThread "GC Thread#10"                    [id=11584, stack(0x0000007610b00000,0x0000007610c00000) (1024K)]
  0x000001d4ff0a0e30 WorkerThread "GC Thread#11"                    [id=7112, stack(0x0000007610f00000,0x0000007611000000) (1024K)]
  0x000001d4fe017960 WorkerThread "GC Thread#12"                    [id=9028, stack(0x0000007611000000,0x0000007611100000) (1024K)]
Total: 15

Threads with active compile tasks:
Total: 0

VM state: not at safepoint (normal execution)

VM Mutex/Monitor currently owned by a thread: None

Heap address: 0x0000000080000000, size: 2048 MB, Compressed Oops mode: 32-bit

CDS archive(s) mapped at: [0x000001d4bb000000-0x000001d4bbba0000-0x000001d4bbba0000), size 12189696, SharedBaseAddress: 0x000001d4bb000000, ArchiveRelocationMode: 1.
Compressed class space mapped at: 0x000001d4bc000000-0x000001d4fc000000, reserved size: 1073741824
Narrow klass base: 0x000001d4bb000000, Narrow klass shift: 0, Narrow klass range: 0x100000000

GC Precious Log:
 CardTable entry size: 512
 CPUs: 16 total, 16 available
 Memory: 7545M
 Large Page Support: Disabled
 NUMA Support: Disabled
 Compressed Oops: Enabled (32-bit)
 Alignments: Space 512K, Generation 512K, Heap 2M
 Heap Min Capacity: 100M
 Heap Initial Capacity: 100M
 Heap Max Capacity: 2G
 Pre-touch: Disabled
 Parallel Workers: 13

Heap:
 PSYoungGen      total 3072K, used 2512K [0x00000000d5580000, 0x00000000d5a00000, 0x0000000100000000)
  eden space 2560K, 81% used [0x00000000d5580000,0x00000000d578c0f8,0x00000000d5800000)
  from space 512K, 81% used [0x00000000d5980000,0x00000000d59e8000,0x00000000d5a00000)
  to   space 512K, 0% used [0x00000000d5900000,0x00000000d5900000,0x00000000d5980000)
 ParOldGen       total 513024K, used 512950K [0x0000000080000000, 0x000000009f500000, 0x00000000d5580000)
  object space 513024K, 99% used [0x0000000080000000,0x000000009f4ed978,0x000000009f500000)
 Metaspace       used 74480K, committed 76160K, reserved 1179648K
  class space    used 7739K, committed 8384K, reserved 1048576K

Card table byte_map: [0x000001d4a31a0000,0x000001d4a35b0000] _byte_map_base: 0x000001d4a2da0000

Marking Bits: (ParMarkBitMap*) 0x00007ffe896044a0
 Begin Bits: [0x000001d4b5cb0000, 0x000001d4b7cb0000)
 End Bits:   [0x000001d4b7cb0000, 0x000001d4b9cb0000)

Polling page: 0x000001d4a1580000

Metaspace:

Usage:
  Non-class:     65.18 MB used.
      Class:      7.56 MB used.
       Both:     72.74 MB used.

Virtual space:
  Non-class space:      128.00 MB reserved,      66.19 MB ( 52%) committed,  2 nodes.
      Class space:        1.00 GB reserved,       8.19 MB ( <1%) committed,  1 nodes.
             Both:        1.12 GB reserved,      74.38 MB (  6%) committed. 

Chunk freelists:
   Non-Class:  13.36 MB
       Class:  7.81 MB
        Both:  21.17 MB

MaxMetaspaceSize: unlimited
CompressedClassSpaceSize: 1.00 GB
Initial GC threshold: 21.00 MB
Current GC threshold: 97.31 MB
CDS: on
 - commit_granule_bytes: 65536.
 - commit_granule_words: 8192.
 - virtual_space_node_default_size: 8388608.
 - enlarge_chunks_in_place: 1.
 - use_allocation_guard: 0.


Internal statistics:

num_allocs_failed_limit: 9.
num_arena_births: 1432.
num_arena_deaths: 14.
num_vsnodes_births: 3.
num_vsnodes_deaths: 0.
num_space_committed: 1190.
num_space_uncommitted: 0.
num_chunks_returned_to_freelist: 23.
num_chunks_taken_from_freelist: 5108.
num_chunk_merges: 15.
num_chunk_splits: 3069.
num_chunks_enlarged: 1621.
num_inconsistent_stats: 0.

CodeHeap 'non-profiled nmethods': size=119168Kb used=10236Kb max_used=10236Kb free=108932Kb
 bounds [0x000001d4ae5a0000, 0x000001d4aefa0000, 0x000001d4b5a00000]
CodeHeap 'profiled nmethods': size=119104Kb used=36432Kb max_used=36432Kb free=82671Kb
 bounds [0x000001d4a6a00000, 0x000001d4a8da0000, 0x000001d4ade50000]
CodeHeap 'non-nmethods': size=7488Kb used=1473Kb max_used=3238Kb free=6014Kb
 bounds [0x000001d4ade50000, 0x000001d4ae180000, 0x000001d4ae5a0000]
CodeCache: size=245760Kb, used=48141Kb, max_used=49906Kb, free=197617Kb
 total_blobs=16317, nmethods=15525, adapters=697, full_count=0
Compilation: enabled, stopped_count=0, restarted_count=0

Compilation events (20 events):
Event: 371.335 Thread 0x000001d4fc5fd990 16194   !   3       java.util.concurrent.FutureTask::runAndReset (125 bytes)
Event: 371.339 Thread 0x000001d4fc5fd990 nmethod 16194 0x000001d4a8d8bf90 code [0x000001d4a8d8c400, 0x000001d4a8d8ea98]
Event: 371.339 Thread 0x000001d4fc5fd990 16195       3       java.util.concurrent.ScheduledThreadPoolExecutor$ScheduledFutureTask::setNextRunTime (38 bytes)
Event: 371.339 Thread 0x000001d4fc5fd990 nmethod 16195 0x000001d4a8d8f610 code [0x000001d4a8d8f7c0, 0x000001d4a8d8fa50]
Event: 371.339 Thread 0x000001d4fc5fd990 16196       3       java.util.concurrent.ScheduledThreadPoolExecutor::reExecutePeriodic (49 bytes)
Event: 371.340 Thread 0x000001d4fc5fd990 nmethod 16196 0x000001d4a8d8fb10 code [0x000001d4a8d8fd40, 0x000001d4a8d904c0]
Event: 581.270 Thread 0x000001d4fc5fd990 16197       3       java.lang.Module::getClassLoader (20 bytes)
Event: 581.271 Thread 0x000001d4fc5fd990 nmethod 16197 0x000001d4a8d90710 code [0x000001d4a8d908c0, 0x000001d4a8d90ab8]
Event: 614.158 Thread 0x000001d4fc5fd990 16198       3       org.eclipse.core.internal.jobs.JobManager::now (16 bytes)
Event: 614.159 Thread 0x000001d4fc5fd990 nmethod 16198 0x000001d4a8d90b90 code [0x000001d4a8d90da0, 0x000001d4a8d91308]
Event: 614.159 Thread 0x000001d4fc5fd990 16199       3       java.util.concurrent.atomic.AtomicLong::updateAndGet (59 bytes)
Event: 614.160 Thread 0x000001d4fc5fd990 nmethod 16199 0x000001d4a8d91590 code [0x000001d4a8d91780, 0x000001d4a8d91c88]
Event: 717.328 Thread 0x000001d4a37a1fe0 16200       4       java.util.concurrent.ThreadPoolExecutor::runStateAtLeast (11 bytes)
Event: 717.330 Thread 0x000001d4a37a1fe0 nmethod 16200 0x000001d4aef9e610 code [0x000001d4aef9e780, 0x000001d4aef9e7f8]
Event: 740.926 Thread 0x000001d4fc5fd990 16201       3       java.util.concurrent.ForkJoinPool::awaitWork (321 bytes)
Event: 740.935 Thread 0x000001d4fc5fd990 nmethod 16201 0x000001d4a8d91f10 code [0x000001d4a8d92260, 0x000001d4a8d93698]
Event: 766.324 Thread 0x000001d4fc5fd990 16202       3       java.util.concurrent.locks.AbstractQueuedSynchronizer$Node::clearStatus (12 bytes)
Event: 766.324 Thread 0x000001d4a37a1fe0 16203       4       jdk.internal.misc.Unsafe::putIntOpaque (9 bytes)
Event: 766.325 Thread 0x000001d4fc5fd990 nmethod 16202 0x000001d4a8d93c90 code [0x000001d4a8d93e40, 0x000001d4a8d93fd8]
Event: 766.325 Thread 0x000001d4a37a1fe0 nmethod 16203 0x000001d4aef9e910 code [0x000001d4aef9eaa0, 0x000001d4aef9eb38]

GC Heap History (20 events):
Event: 93.383 GC heap before
{Heap before GC invocations=862 (full 3):
 PSYoungGen      total 3072K, used 2976K [0x00000000d5580000, 0x00000000d5980000, 0x0000000100000000)
  eden space 2560K, 100% used [0x00000000d5580000,0x00000000d5800000,0x00000000d5800000)
  from space 512K, 81% used [0x00000000d5900000,0x00000000d5968000,0x00000000d5980000)
  to   space 512K, 0% used [0x00000000d5800000,0x00000000d5800000,0x00000000d5880000)
 ParOldGen       total 502784K, used 502513K [0x0000000080000000, 0x000000009eb00000, 0x00000000d5580000)
  object space 502784K, 99% used [0x0000000080000000,0x000000009eabc658,0x000000009eb00000)
 Metaspace       used 73763K, committed 75392K, reserved 1179648K
  class space    used 7656K, committed 8320K, reserved 1048576K
}
Event: 93.385 GC heap after
{Heap after GC invocations=862 (full 3):
 PSYoungGen      total 3072K, used 416K [0x00000000d5580000, 0x00000000d5980000, 0x0000000100000000)
  eden space 2560K, 0% used [0x00000000d5580000,0x00000000d5580000,0x00000000d5800000)
  from space 512K, 81% used [0x00000000d5800000,0x00000000d5868000,0x00000000d5880000)
  to   space 512K, 0% used [0x00000000d5900000,0x00000000d5900000,0x00000000d5980000)
 ParOldGen       total 502784K, used 502657K [0x0000000080000000, 0x000000009eb00000, 0x00000000d5580000)
  object space 502784K, 99% used [0x0000000080000000,0x000000009eae0668,0x000000009eb00000)
 Metaspace       used 73763K, committed 75392K, reserved 1179648K
  class space    used 7656K, committed 8320K, reserved 1048576K
}
Event: 97.777 GC heap before
{Heap before GC invocations=863 (full 3):
 PSYoungGen      total 3072K, used 2976K [0x00000000d5580000, 0x00000000d5980000, 0x0000000100000000)
  eden space 2560K, 100% used [0x00000000d5580000,0x00000000d5800000,0x00000000d5800000)
  from space 512K, 81% used [0x00000000d5800000,0x00000000d5868000,0x00000000d5880000)
  to   space 512K, 0% used [0x00000000d5900000,0x00000000d5900000,0x00000000d5980000)
 ParOldGen       total 502784K, used 502657K [0x0000000080000000, 0x000000009eb00000, 0x00000000d5580000)
  object space 502784K, 99% used [0x0000000080000000,0x000000009eae0668,0x000000009eb00000)
 Metaspace       used 73875K, committed 75520K, reserved 1179648K
  class space    used 7670K, committed 8320K, reserved 1048576K
}
Event: 97.780 GC heap after
{Heap after GC invocations=863 (full 3):
 PSYoungGen      total 3072K, used 442K [0x00000000d5580000, 0x00000000d5980000, 0x0000000100000000)
  eden space 2560K, 0% used [0x00000000d5580000,0x00000000d5580000,0x00000000d5800000)
  from space 512K, 86% used [0x00000000d5900000,0x00000000d596e900,0x00000000d5980000)
  to   space 512K, 0% used [0x00000000d5800000,0x00000000d5800000,0x00000000d5880000)
 ParOldGen       total 503296K, used 502785K [0x0000000080000000, 0x000000009eb80000, 0x00000000d5580000)
  object space 503296K, 99% used [0x0000000080000000,0x000000009eb00668,0x000000009eb80000)
 Metaspace       used 73875K, committed 75520K, reserved 1179648K
  class space    used 7670K, committed 8320K, reserved 1048576K
}
Event: 97.816 GC heap before
{Heap before GC invocations=864 (full 3):
 PSYoungGen      total 3072K, used 2787K [0x00000000d5580000, 0x00000000d5980000, 0x0000000100000000)
  eden space 2560K, 91% used [0x00000000d5580000,0x00000000d57ca4b8,0x00000000d5800000)
  from space 512K, 86% used [0x00000000d5900000,0x00000000d596e900,0x00000000d5980000)
  to   space 512K, 0% used [0x00000000d5800000,0x00000000d5800000,0x00000000d5880000)
 ParOldGen       total 503296K, used 502785K [0x0000000080000000, 0x000000009eb80000, 0x00000000d5580000)
  object space 503296K, 99% used [0x0000000080000000,0x000000009eb00668,0x000000009eb80000)
 Metaspace       used 73881K, committed 75520K, reserved 1179648K
  class space    used 7670K, committed 8320K, reserved 1048576K
}
Event: 97.819 GC heap after
{Heap after GC invocations=864 (full 3):
 PSYoungGen      total 3072K, used 509K [0x00000000d5580000, 0x00000000d5d00000, 0x0000000100000000)
  eden space 2560K, 0% used [0x00000000d5580000,0x00000000d5580000,0x00000000d5800000)
  from space 512K, 99% used [0x00000000d5800000,0x00000000d587f568,0x00000000d5880000)
  to   space 2560K, 0% used [0x00000000d5a80000,0x00000000d5a80000,0x00000000d5d00000)
 ParOldGen       total 504320K, used 504091K [0x0000000080000000, 0x000000009ec80000, 0x00000000d5580000)
  object space 504320K, 99% used [0x0000000080000000,0x000000009ec46d20,0x000000009ec80000)
 Metaspace       used 73881K, committed 75520K, reserved 1179648K
  class space    used 7670K, committed 8320K, reserved 1048576K
}
Event: 97.843 GC heap before
{Heap before GC invocations=865 (full 3):
 PSYoungGen      total 3072K, used 3044K [0x00000000d5580000, 0x00000000d5d00000, 0x0000000100000000)
  eden space 2560K, 99% used [0x00000000d5580000,0x00000000d57f9dd0,0x00000000d5800000)
  from space 512K, 99% used [0x00000000d5800000,0x00000000d587f568,0x00000000d5880000)
  to   space 2560K, 0% used [0x00000000d5a80000,0x00000000d5a80000,0x00000000d5d00000)
 ParOldGen       total 504320K, used 504091K [0x0000000080000000, 0x000000009ec80000, 0x00000000d5580000)
  object space 504320K, 99% used [0x0000000080000000,0x000000009ec46d20,0x000000009ec80000)
 Metaspace       used 73881K, committed 75520K, reserved 1179648K
  class space    used 7670K, committed 8320K, reserved 1048576K
}
Event: 97.846 GC heap after
{Heap after GC invocations=865 (full 3):
 PSYoungGen      total 5120K, used 2368K [0x00000000d5580000, 0x00000000d5d00000, 0x0000000100000000)
  eden space 2560K, 0% used [0x00000000d5580000,0x00000000d5580000,0x00000000d5800000)
  from space 2560K, 92% used [0x00000000d5a80000,0x00000000d5cd0220,0x00000000d5d00000)
  to   space 2560K, 0% used [0x00000000d5800000,0x00000000d5800000,0x00000000d5a80000)
 ParOldGen       total 504832K, used 504651K [0x0000000080000000, 0x000000009ed00000, 0x00000000d5580000)
  object space 504832K, 99% used [0x0000000080000000,0x000000009ecd2c18,0x000000009ed00000)
 Metaspace       used 73881K, committed 75520K, reserved 1179648K
  class space    used 7670K, committed 8320K, reserved 1048576K
}
Event: 97.877 GC heap before
{Heap before GC invocations=866 (full 3):
 PSYoungGen      total 5120K, used 4844K [0x00000000d5580000, 0x00000000d5d00000, 0x0000000100000000)
  eden space 2560K, 96% used [0x00000000d5580000,0x00000000d57eb158,0x00000000d5800000)
  from space 2560K, 92% used [0x00000000d5a80000,0x00000000d5cd0220,0x00000000d5d00000)
  to   space 2560K, 0% used [0x00000000d5800000,0x00000000d5800000,0x00000000d5a80000)
 ParOldGen       total 504832K, used 504651K [0x0000000080000000, 0x000000009ed00000, 0x00000000d5580000)
  object space 504832K, 99% used [0x0000000080000000,0x000000009ecd2c18,0x000000009ed00000)
 Metaspace       used 73883K, committed 75520K, reserved 1179648K
  class space    used 7670K, committed 8320K, reserved 1048576K
}
Event: 97.881 GC heap after
{Heap after GC invocations=866 (full 3):
 PSYoungGen      total 5120K, used 2256K [0x00000000d5580000, 0x00000000d5d00000, 0x0000000100000000)
  eden space 2560K, 0% used [0x00000000d5580000,0x00000000d5580000,0x00000000d5800000)
  from space 2560K, 88% used [0x00000000d5800000,0x00000000d5a34000,0x00000000d5a80000)
  to   space 2560K, 0% used [0x00000000d5a80000,0x00000000d5a80000,0x00000000d5d00000)
 ParOldGen       total 506880K, used 506844K [0x0000000080000000, 0x000000009ef00000, 0x00000000d5580000)
  object space 506880K, 99% used [0x0000000080000000,0x000000009eef7128,0x000000009ef00000)
 Metaspace       used 73883K, committed 75520K, reserved 1179648K
  class space    used 7670K, committed 8320K, reserved 1048576K
}
Event: 97.935 GC heap before
{Heap before GC invocations=867 (full 3):
 PSYoungGen      total 5120K, used 4816K [0x00000000d5580000, 0x00000000d5d00000, 0x0000000100000000)
  eden space 2560K, 100% used [0x00000000d5580000,0x00000000d5800000,0x00000000d5800000)
  from space 2560K, 88% used [0x00000000d5800000,0x00000000d5a34000,0x00000000d5a80000)
  to   space 2560K, 0% used [0x00000000d5a80000,0x00000000d5a80000,0x00000000d5d00000)
 ParOldGen       total 506880K, used 506844K [0x0000000080000000, 0x000000009ef00000, 0x00000000d5580000)
  object space 506880K, 99% used [0x0000000080000000,0x000000009eef7128,0x000000009ef00000)
 Metaspace       used 73883K, committed 75520K, reserved 1179648K
  class space    used 7670K, committed 8320K, reserved 1048576K
}
Event: 97.939 GC heap after
{Heap after GC invocations=867 (full 3):
 PSYoungGen      total 5120K, used 2376K [0x00000000d5580000, 0x00000000d5d00000, 0x0000000100000000)
  eden space 2560K, 0% used [0x00000000d5580000,0x00000000d5580000,0x00000000d5800000)
  from space 2560K, 92% used [0x00000000d5a80000,0x00000000d5cd20d8,0x00000000d5d00000)
  to   space 2560K, 0% used [0x00000000d5800000,0x00000000d5800000,0x00000000d5a80000)
 ParOldGen       total 509440K, used 508974K [0x0000000080000000, 0x000000009f180000, 0x00000000d5580000)
  object space 509440K, 99% used [0x0000000080000000,0x000000009f10b8f8,0x000000009f180000)
 Metaspace       used 73883K, committed 75520K, reserved 1179648K
  class space    used 7670K, committed 8320K, reserved 1048576K
}
Event: 98.007 GC heap before
{Heap before GC invocations=868 (full 3):
 PSYoungGen      total 5120K, used 4936K [0x00000000d5580000, 0x00000000d5d00000, 0x0000000100000000)
  eden space 2560K, 100% used [0x00000000d5580000,0x00000000d5800000,0x00000000d5800000)
  from space 2560K, 92% used [0x00000000d5a80000,0x00000000d5cd20d8,0x00000000d5d00000)
  to   space 2560K, 0% used [0x00000000d5800000,0x00000000d5800000,0x00000000d5a80000)
 ParOldGen       total 509440K, used 508974K [0x0000000080000000, 0x000000009f180000, 0x00000000d5580000)
  object space 509440K, 99% used [0x0000000080000000,0x000000009f10b8f8,0x000000009f180000)
 Metaspace       used 73967K, committed 75648K, reserved 1179648K
  class space    used 7694K, committed 8384K, reserved 1048576K
}
Event: 98.012 GC heap after
{Heap after GC invocations=868 (full 3):
 PSYoungGen      total 4096K, used 1172K [0x00000000d5580000, 0x00000000d5c00000, 0x0000000100000000)
  eden space 2560K, 0% used [0x00000000d5580000,0x00000000d5580000,0x00000000d5800000)
  from space 1536K, 76% used [0x00000000d5800000,0x00000000d59252f8,0x00000000d5980000)
  to   space 2048K, 0% used [0x00000000d5a00000,0x00000000d5a00000,0x00000000d5c00000)
 ParOldGen       total 511488K, used 511175K [0x0000000080000000, 0x000000009f380000, 0x00000000d5580000)
  object space 511488K, 99% used [0x0000000080000000,0x000000009f331d50,0x000000009f380000)
 Metaspace       used 73967K, committed 75648K, reserved 1179648K
  class space    used 7694K, committed 8384K, reserved 1048576K
}
Event: 98.040 GC heap before
{Heap before GC invocations=869 (full 3):
 PSYoungGen      total 4096K, used 3712K [0x00000000d5580000, 0x00000000d5c00000, 0x0000000100000000)
  eden space 2560K, 99% used [0x00000000d5580000,0x00000000d57fb098,0x00000000d5800000)
  from space 1536K, 76% used [0x00000000d5800000,0x00000000d59252f8,0x00000000d5980000)
  to   space 2048K, 0% used [0x00000000d5a00000,0x00000000d5a00000,0x00000000d5c00000)
 ParOldGen       total 511488K, used 511175K [0x0000000080000000, 0x000000009f380000, 0x00000000d5580000)
  object space 511488K, 99% used [0x0000000080000000,0x000000009f331d50,0x000000009f380000)
 Metaspace       used 73977K, committed 75648K, reserved 1179648K
  class space    used 7694K, committed 8384K, reserved 1048576K
}
Event: 98.043 GC heap after
{Heap after GC invocations=869 (full 3):
 PSYoungGen      total 3584K, used 864K [0x00000000d5580000, 0x00000000d5b00000, 0x0000000100000000)
  eden space 2560K, 0% used [0x00000000d5580000,0x00000000d5580000,0x00000000d5800000)
  from space 1024K, 84% used [0x00000000d5a00000,0x00000000d5ad8010,0x00000000d5b00000)
  to   space 1536K, 0% used [0x00000000d5800000,0x00000000d5800000,0x00000000d5980000)
 ParOldGen       total 512512K, used 512190K [0x0000000080000000, 0x000000009f480000, 0x00000000d5580000)
  object space 512512K, 99% used [0x0000000080000000,0x000000009f42f978,0x000000009f480000)
 Metaspace       used 73977K, committed 75648K, reserved 1179648K
  class space    used 7694K, committed 8384K, reserved 1048576K
}
Event: 98.218 GC heap before
{Heap before GC invocations=870 (full 3):
 PSYoungGen      total 3584K, used 3424K [0x00000000d5580000, 0x00000000d5b00000, 0x0000000100000000)
  eden space 2560K, 99% used [0x00000000d5580000,0x00000000d57ffff8,0x00000000d5800000)
  from space 1024K, 84% used [0x00000000d5a00000,0x00000000d5ad8010,0x00000000d5b00000)
  to   space 1536K, 0% used [0x00000000d5800000,0x00000000d5800000,0x00000000d5980000)
 ParOldGen       total 512512K, used 512190K [0x0000000080000000, 0x000000009f480000, 0x00000000d5580000)
  object space 512512K, 99% used [0x0000000080000000,0x000000009f42f978,0x000000009f480000)
 Metaspace       used 73984K, committed 75648K, reserved 1179648K
  class space    used 7695K, committed 8384K, reserved 1048576K
}
Event: 98.220 GC heap after
{Heap after GC invocations=870 (full 3):
 PSYoungGen      total 4096K, used 576K [0x00000000d5580000, 0x00000000d5a80000, 0x0000000100000000)
  eden space 2560K, 0% used [0x00000000d5580000,0x00000000d5580000,0x00000000d5800000)
  from space 1536K, 37% used [0x00000000d5800000,0x00000000d5890000,0x00000000d5980000)
  to   space 1024K, 0% used [0x00000000d5980000,0x00000000d5980000,0x00000000d5a80000)
 ParOldGen       total 513024K, used 512598K [0x0000000080000000, 0x000000009f500000, 0x00000000d5580000)
  object space 513024K, 99% used [0x0000000080000000,0x000000009f495978,0x000000009f500000)
 Metaspace       used 73984K, committed 75648K, reserved 1179648K
  class space    used 7695K, committed 8384K, reserved 1048576K
}
Event: 313.788 GC heap before
{Heap before GC invocations=871 (full 3):
 PSYoungGen      total 4096K, used 3135K [0x00000000d5580000, 0x00000000d5a80000, 0x0000000100000000)
  eden space 2560K, 99% used [0x00000000d5580000,0x00000000d57fffe0,0x00000000d5800000)
  from space 1536K, 37% used [0x00000000d5800000,0x00000000d5890000,0x00000000d5980000)
  to   space 1024K, 0% used [0x00000000d5980000,0x00000000d5980000,0x00000000d5a80000)
 ParOldGen       total 513024K, used 512598K [0x0000000080000000, 0x000000009f500000, 0x00000000d5580000)
  object space 513024K, 99% used [0x0000000080000000,0x000000009f495978,0x000000009f500000)
 Metaspace       used 74278K, committed 75968K, reserved 1179648K
  class space    used 7722K, committed 8384K, reserved 1048576K
}
Event: 313.833 GC heap after
{Heap after GC invocations=871 (full 3):
 PSYoungGen      total 3072K, used 416K [0x00000000d5580000, 0x00000000d5a00000, 0x0000000100000000)
  eden space 2560K, 0% used [0x00000000d5580000,0x00000000d5580000,0x00000000d5800000)
  from space 512K, 81% used [0x00000000d5980000,0x00000000d59e8000,0x00000000d5a00000)
  to   space 512K, 0% used [0x00000000d5900000,0x00000000d5900000,0x00000000d5980000)
 ParOldGen       total 513024K, used 512950K [0x0000000080000000, 0x000000009f500000, 0x00000000d5580000)
  object space 513024K, 99% used [0x0000000080000000,0x000000009f4ed978,0x000000009f500000)
 Metaspace       used 74278K, committed 75968K, reserved 1179648K
  class space    used 7722K, committed 8384K, reserved 1048576K
}

Dll operation events (20 events):
Event: 0.171 Attempting to load shared library c:\Users\Himal\.vscode\extensions\redhat.java-1.56.0-win32-x64\jre\21.0.12.1-win32-x86_64\bin\zip.dll
Event: 0.172 Loaded shared library c:\Users\Himal\.vscode\extensions\redhat.java-1.56.0-win32-x64\jre\21.0.12.1-win32-x86_64\bin\zip.dll
Event: 0.215 Attempting to load shared library C:\Users\Himal\.vscode\extensions\redhat.java-1.56.0-win32-x64\jre\21.0.12.1-win32-x86_64\bin\instrument.dll
Event: 0.215 Loaded shared library C:\Users\Himal\.vscode\extensions\redhat.java-1.56.0-win32-x64\jre\21.0.12.1-win32-x86_64\bin\instrument.dll
Event: 0.222 Attempting to load shared library C:\Users\Himal\.vscode\extensions\redhat.java-1.56.0-win32-x64\jre\21.0.12.1-win32-x86_64\bin\net.dll
Event: 0.224 Loaded shared library C:\Users\Himal\.vscode\extensions\redhat.java-1.56.0-win32-x64\jre\21.0.12.1-win32-x86_64\bin\net.dll
Event: 0.228 Attempting to load shared library C:\Users\Himal\.vscode\extensions\redhat.java-1.56.0-win32-x64\jre\21.0.12.1-win32-x86_64\bin\nio.dll
Event: 0.230 Loaded shared library C:\Users\Himal\.vscode\extensions\redhat.java-1.56.0-win32-x64\jre\21.0.12.1-win32-x86_64\bin\nio.dll
Event: 0.237 Attempting to load shared library C:\Users\Himal\.vscode\extensions\redhat.java-1.56.0-win32-x64\jre\21.0.12.1-win32-x86_64\bin\zip.dll
Event: 0.237 Loaded shared library C:\Users\Himal\.vscode\extensions\redhat.java-1.56.0-win32-x64\jre\21.0.12.1-win32-x86_64\bin\zip.dll
Event: 0.276 Attempting to load shared library C:\Users\Himal\.vscode\extensions\redhat.java-1.56.0-win32-x64\jre\21.0.12.1-win32-x86_64\bin\jimage.dll
Event: 0.276 Loaded shared library C:\Users\Himal\.vscode\extensions\redhat.java-1.56.0-win32-x64\jre\21.0.12.1-win32-x86_64\bin\jimage.dll
Event: 0.446 Attempting to load shared library c:\Users\Himal\.vscode\extensions\redhat.java-1.56.0-win32-x64\jre\21.0.12.1-win32-x86_64\bin\verify.dll
Event: 0.447 Loaded shared library c:\Users\Himal\.vscode\extensions\redhat.java-1.56.0-win32-x64\jre\21.0.12.1-win32-x86_64\bin\verify.dll
Event: 2.758 Attempting to load shared library C:\Users\Himal\AppData\Roaming\Code\User\globalStorage\redhat.java\1.56.0\config_win\org.eclipse.equinox.launcher\org.eclipse.equinox.launcher.win32.win32.x86_64_1.3.100.v20260804-1928\eclipse_11924.dll
Event: 2.766 Loaded shared library C:\Users\Himal\AppData\Roaming\Code\User\globalStorage\redhat.java\1.56.0\config_win\org.eclipse.equinox.launcher\org.eclipse.equinox.launcher.win32.win32.x86_64_1.3.100.v20260804-1928\eclipse_11924.dll
Event: 7.197 Attempting to load shared library C:\Users\Himal\AppData\Local\Temp\jna-69729431\jna15781230504298798073.dll
Event: 7.321 Loaded shared library C:\Users\Himal\AppData\Local\Temp\jna-69729431\jna15781230504298798073.dll
Event: 57.023 Attempting to load shared library C:\Users\Himal\.vscode\extensions\redhat.java-1.56.0-win32-x64\jre\21.0.12.1-win32-x86_64\bin\extnet.dll
Event: 57.115 Loaded shared library C:\Users\Himal\.vscode\extensions\redhat.java-1.56.0-win32-x64\jre\21.0.12.1-win32-x86_64\bin\extnet.dll

Deoptimization events (20 events):
Event: 313.952 Thread 0x000001d4fe00efd0 Uncommon trap: trap_request=0xffffffde fr.pc=0x000001d4aee8d128 relative=0x00000000000002e8
Event: 313.952 Thread 0x000001d4fe00efd0 Uncommon trap: reason=class_check action=maybe_recompile pc=0x000001d4aee8d128 method=java.io.DataOutputStream.writeByte(I)V @ 5 c2
Event: 313.952 Thread 0x000001d4fe00efd0 DEOPT PACKING pc=0x000001d4aee8d128 sp=0x00000076118fedf0
Event: 313.952 Thread 0x000001d4fe00efd0 DEOPT UNPACKING pc=0x000001d4adea3aa2 sp=0x00000076118feda8 mode 2
Event: 313.952 Thread 0x000001d4fe00efd0 Uncommon trap: trap_request=0xffffffde fr.pc=0x000001d4aef89d8c relative=0x0000000000000cec
Event: 313.952 Thread 0x000001d4fe00efd0 Uncommon trap: reason=class_check action=maybe_recompile pc=0x000001d4aef89d8c method=java.io.DataOutputStream.write([BII)V @ 7 c2
Event: 313.952 Thread 0x000001d4fe00efd0 DEOPT PACKING pc=0x000001d4aef89d8c sp=0x00000076118fed20
Event: 313.952 Thread 0x000001d4fe00efd0 DEOPT UNPACKING pc=0x000001d4adea3aa2 sp=0x00000076118fec50 mode 2
Event: 313.952 Thread 0x000001d4fe00efd0 Uncommon trap: trap_request=0xffffffde fr.pc=0x000001d4aee8aa5c relative=0x000000000000045c
Event: 313.952 Thread 0x000001d4fe00efd0 Uncommon trap: reason=class_check action=maybe_recompile pc=0x000001d4aee8aa5c method=java.io.DataOutputStream.writeInt(I)V @ 19 c2
Event: 313.952 Thread 0x000001d4fe00efd0 DEOPT PACKING pc=0x000001d4aee8aa5c sp=0x00000076118feca0
Event: 313.952 Thread 0x000001d4fe00efd0 DEOPT UNPACKING pc=0x000001d4adea3aa2 sp=0x00000076118fec58 mode 2
Event: 313.952 Thread 0x000001d4fe00efd0 Uncommon trap: trap_request=0xffffffde fr.pc=0x000001d4aef89d8c relative=0x0000000000000cec
Event: 313.952 Thread 0x000001d4fe00efd0 Uncommon trap: reason=class_check action=maybe_recompile pc=0x000001d4aef89d8c method=java.io.DataOutputStream.write([BII)V @ 7 c2
Event: 313.952 Thread 0x000001d4fe00efd0 DEOPT PACKING pc=0x000001d4aef89d8c sp=0x00000076118fec70
Event: 313.952 Thread 0x000001d4fe00efd0 DEOPT UNPACKING pc=0x000001d4adea3aa2 sp=0x00000076118feba0 mode 2
Event: 313.952 Thread 0x000001d4fe00efd0 Uncommon trap: trap_request=0xffffffde fr.pc=0x000001d4aee81698 relative=0x0000000000000cf8
Event: 313.952 Thread 0x000001d4fe00efd0 Uncommon trap: reason=class_check action=maybe_recompile pc=0x000001d4aee81698 method=java.io.DataOutputStream.write([BII)V @ 7 c2
Event: 313.952 Thread 0x000001d4fe00efd0 DEOPT PACKING pc=0x000001d4aee81698 sp=0x00000076118fe820
Event: 313.952 Thread 0x000001d4fe00efd0 DEOPT UNPACKING pc=0x000001d4adea3aa2 sp=0x00000076118fe750 mode 2

Classes loaded (20 events):
Event: 62.325 Loading class java/lang/ProcessHandleImpl$1
Event: 62.326 Loading class java/lang/ProcessHandleImpl$1 done
Event: 62.326 Loading class java/util/concurrent/CompletableFuture$UniHandle
Event: 62.327 Loading class java/util/concurrent/CompletableFuture$UniHandle done
Event: 313.661 Loading class java/util/stream/Nodes$CollectorTask$OfRef
Event: 313.664 Loading class java/util/stream/Nodes$CollectorTask
Event: 313.667 Loading class java/util/stream/Nodes$CollectorTask done
Event: 313.667 Loading class java/util/stream/Nodes$CollectorTask$OfRef done
Event: 313.754 Loading class java/util/function/LongFunction
Event: 313.755 Loading class java/util/function/LongFunction done
Event: 313.756 Loading class java/util/stream/Nodes$ConcNode
Event: 313.758 Loading class java/util/stream/Nodes$AbstractConcNode
Event: 313.759 Loading class java/util/stream/Nodes$AbstractConcNode done
Event: 313.759 Loading class java/util/stream/Nodes$ConcNode done
Event: 313.771 Loading class java/io/ObjectOutputStream$BlockDataOutputStream
Event: 313.774 Loading class java/io/ObjectOutputStream$BlockDataOutputStream done
Event: 313.774 Loading class java/io/ObjectOutputStream$HandleTable
Event: 313.775 Loading class java/io/ObjectOutputStream$HandleTable done
Event: 313.775 Loading class java/io/ObjectOutputStream$ReplaceTable
Event: 313.777 Loading class java/io/ObjectOutputStream$ReplaceTable done

Classes unloaded (7 events):
Event: 8.396 Thread 0x000001d4a3793cb0 Unloading class 0x000001d4bc1aac00 'java/lang/invoke/LambdaForm$MH+0x000001d4bc1aac00'
Event: 8.396 Thread 0x000001d4a3793cb0 Unloading class 0x000001d4bc1aa800 'java/lang/invoke/LambdaForm$MH+0x000001d4bc1aa800'
Event: 8.396 Thread 0x000001d4a3793cb0 Unloading class 0x000001d4bc1aa400 'java/lang/invoke/LambdaForm$MH+0x000001d4bc1aa400'
Event: 8.396 Thread 0x000001d4a3793cb0 Unloading class 0x000001d4bc1aa000 'java/lang/invoke/LambdaForm$MH+0x000001d4bc1aa000'
Event: 8.396 Thread 0x000001d4a3793cb0 Unloading class 0x000001d4bc1a9c00 'java/lang/invoke/LambdaForm$BMH+0x000001d4bc1a9c00'
Event: 8.396 Thread 0x000001d4a3793cb0 Unloading class 0x000001d4bc1a9800 'java/lang/invoke/LambdaForm$DMH+0x000001d4bc1a9800'
Event: 8.396 Thread 0x000001d4a3793cb0 Unloading class 0x000001d4bc1a8400 'java/lang/invoke/LambdaForm$DMH+0x000001d4bc1a8400'

Classes redefined (0 events):
No events

Internal exceptions (20 events):
Event: 56.161 Thread 0x000001d4855b22b0 Exception <a 'sun/nio/fs/WindowsException'{0x00000000d5771ba0}> (0x00000000d5771ba0) 
thrown [s\src\hotspot\share\prims\jni.cpp, line 520]
Event: 56.161 Thread 0x000001d4855b22b0 Exception <a 'sun/nio/fs/WindowsException'{0x00000000d57721d0}> (0x00000000d57721d0) 
thrown [s\src\hotspot\share\prims\jni.cpp, line 520]
Event: 56.167 Thread 0x000001d4855b22b0 Exception <a 'sun/nio/fs/WindowsException'{0x00000000d5791b50}> (0x00000000d5791b50) 
thrown [s\src\hotspot\share\prims\jni.cpp, line 520]
Event: 56.168 Thread 0x000001d4855b22b0 Exception <a 'sun/nio/fs/WindowsException'{0x00000000d5792430}> (0x00000000d5792430) 
thrown [s\src\hotspot\share\prims\jni.cpp, line 520]
Event: 57.158 Thread 0x000001d490155310 Exception <a 'java/io/FileNotFoundException'{0x00000000d55c7840}> (0x00000000d55c7840) 
thrown [s\src\hotspot\share\prims\jni.cpp, line 520]
Event: 57.450 Thread 0x000001d490155310 Exception <a 'java/lang/NoSuchMethodError'{0x00000000d558baa8}: 'java.lang.Object java.lang.invoke.DirectMethodHandle$Holder.invokeVirtual(java.lang.Object, java.lang.Object, java.lang.Object, java.lang.Object)'> (0x00000000d558baa8) 
thrown [s\src\hotspot\share\interpreter\linkResolver.cpp, line 773]
Event: 57.540 Thread 0x000001d490152bb0 Exception <a 'java/lang/NoSuchMethodError'{0x00000000d5723280}: 'java.lang.Object java.lang.invoke.DirectMethodHandle$Holder.invokeStatic(java.lang.Object, long, java.lang.Object, java.lang.Object)'> (0x00000000d5723280) 
thrown [s\src\hotspot\share\interpreter\linkResolver.cpp, line 773]
Event: 57.574 Thread 0x000001d490152bb0 Exception <a 'sun/nio/fs/WindowsException'{0x00000000d55810e8}> (0x00000000d55810e8) 
thrown [s\src\hotspot\share\prims\jni.cpp, line 520]
Event: 57.574 Thread 0x000001d490152bb0 Exception <a 'sun/nio/fs/WindowsException'{0x00000000d5582118}> (0x00000000d5582118) 
thrown [s\src\hotspot\share\prims\jni.cpp, line 520]
Event: 57.601 Thread 0x000001d490152bb0 Exception <a 'java/lang/NoSuchMethodError'{0x00000000d5626820}: 'void java.lang.invoke.DirectMethodHandle$Holder.invokeStatic(java.lang.Object, java.lang.Object, java.lang.Object, java.lang.Object, java.lang.Object, java.lang.Object, java.lang.Object)'> (0x00000000d5626820) 
thrown [s\src\hotspot\share\interpreter\linkResolver.cpp, line 773]
Event: 59.740 Thread 0x000001d4ff2f9350 Exception <a 'java/lang/NoSuchMethodError'{0x00000000d566df00}: 'long java.lang.invoke.DelegatingMethodHandle$Holder.reinvoke_L(java.lang.Object, java.lang.Object)'> (0x00000000d566df00) 
thrown [s\src\hotspot\share\interpreter\linkResolver.cpp, line 773]
Event: 59.741 Thread 0x000001d4ff2f9350 Exception <a 'java/lang/NoSuchMethodError'{0x00000000d5678218}: 'void java.lang.invoke.DelegatingMethodHandle$Holder.reinvoke_L(java.lang.Object, java.lang.Object, long)'> (0x00000000d5678218) 
thrown [s\src\hotspot\share\interpreter\linkResolver.cpp, line 773]
Event: 62.328 Thread 0x000001d4ff2f9350 Exception <a 'java/lang/NoSuchMethodError'{0x00000000d57bfee8}: 'long java.lang.invoke.Invokers$Holder.invokeExact_MT(java.lang.Object, java.lang.Object, java.lang.Object)'> (0x00000000d57bfee8) 
thrown [s\src\hotspot\share\interpreter\linkResolver.cpp, line 773]
Event: 98.222 Thread 0x000001d484852d40 Exception <a 'java/lang/IncompatibleClassChangeError'{0x00000000d55876d0}: Found class java.lang.Object, but interface was expected> (0x00000000d55876d0) 
thrown [s\src\hotspot\share\interpreter\linkResolver.cpp, line 840]
Event: 98.229 Thread 0x000001d4855b22b0 Exception <a 'java/lang/NoSuchMethodError'{0x00000000d55c07b8}: 'java.lang.Object java.lang.invoke.DirectMethodHandle$Holder.invokeSpecial(java.lang.Object, java.lang.Object, java.lang.Object, java.lang.Object, int, java.lang.Object, java.lang.Object)'> (0x00000000d55c07b8) 
thrown [s\src\hotspot\share\interpreter\linkResolver.cpp, line 773]
Event: 313.626 Thread 0x000001d4fe00efd0 Exception <a 'sun/nio/fs/WindowsException'{0x00000000d579e5c0}> (0x00000000d579e5c0) 
thrown [s\src\hotspot\share\prims\jni.cpp, line 520]
Event: 313.628 Thread 0x000001d4fe00efd0 Exception <a 'sun/nio/fs/WindowsException'{0x00000000d579f148}> (0x00000000d579f148) 
thrown [s\src\hotspot\share\prims\jni.cpp, line 520]
Event: 313.637 Thread 0x000001d4fe00efd0 Implicit null exception at 0x000001d4aef4a706 to 0x000001d4aef4a9a0
Event: 313.885 Thread 0x000001d4fe00efd0 Exception <a 'java/lang/NoSuchMethodError'{0x00000000d55fb480}: static [J.<clinit>()V> (0x00000000d55fb480) 
thrown [s\src\hotspot\share\prims\jni.cpp, line 1111]
Event: 313.960 Thread 0x000001d4fe00efd0 Exception <a 'java/lang/NoSuchMethodError'{0x00000000d56d1710}: 'java.lang.Object java.lang.invoke.DirectMethodHandle$Holder.newInvokeSpecial(java.lang.Object, java.lang.Object, java.lang.Object, java.lang.Object, java.lang.Object, java.lang.Object, java.lang.Object, java.lang.Object)'> (0x00000000d56d1710) 
thrown [s\src\hotspot\share\interpreter\linkResolver.cpp, line 773]

ZGC Phase Switch (0 events):
No events

VM Operations (20 events):
Event: 360.726 Executing non-safepoint VM operation: HandshakeAllThreads (HandshakeForDeflation)
Event: 360.726 Executing non-safepoint VM operation: HandshakeAllThreads (HandshakeForDeflation) done
Event: 360.726 Executing non-safepoint VM operation: RendezvousGCThreads
Event: 360.726 Executing non-safepoint VM operation: RendezvousGCThreads done
Event: 480.983 Executing non-safepoint VM operation: HandshakeAllThreads (HandshakeForDeflation)
Event: 480.983 Executing non-safepoint VM operation: HandshakeAllThreads (HandshakeForDeflation) done
Event: 480.983 Executing non-safepoint VM operation: RendezvousGCThreads
Event: 480.983 Executing non-safepoint VM operation: RendezvousGCThreads done
Event: 541.060 Executing non-safepoint VM operation: HandshakeAllThreads (HandshakeForDeflation)
Event: 541.060 Executing non-safepoint VM operation: HandshakeAllThreads (HandshakeForDeflation) done
Event: 541.060 Executing non-safepoint VM operation: RendezvousGCThreads
Event: 541.060 Executing non-safepoint VM operation: RendezvousGCThreads done
Event: 601.256 Executing non-safepoint VM operation: HandshakeAllThreads (HandshakeForDeflation)
Event: 601.256 Executing non-safepoint VM operation: HandshakeAllThreads (HandshakeForDeflation) done
Event: 601.256 Executing non-safepoint VM operation: RendezvousGCThreads
Event: 601.256 Executing non-safepoint VM operation: RendezvousGCThreads done
Event: 721.537 Executing non-safepoint VM operation: HandshakeAllThreads (HandshakeForDeflation)
Event: 721.537 Executing non-safepoint VM operation: HandshakeAllThreads (HandshakeForDeflation) done
Event: 721.537 Executing non-safepoint VM operation: RendezvousGCThreads
Event: 721.537 Executing non-safepoint VM operation: RendezvousGCThreads done

Memory protections (0 events):
No events

Nmethod flushes (20 events):
Event: 19.733 Thread 0x000001d4a3793cb0 flushing  nmethod 0x000001d4a7259390
Event: 19.733 Thread 0x000001d4a3793cb0 flushing  nmethod 0x000001d4a725ae10
Event: 19.733 Thread 0x000001d4a3793cb0 flushing  nmethod 0x000001d4a728ce90
Event: 19.733 Thread 0x000001d4a3793cb0 flushing  nmethod 0x000001d4a72ca790
Event: 19.733 Thread 0x000001d4a3793cb0 flushing  nmethod 0x000001d4a72ccc90
Event: 19.733 Thread 0x000001d4a3793cb0 flushing  nmethod 0x000001d4a72d1790
Event: 19.733 Thread 0x000001d4a3793cb0 flushing  nmethod 0x000001d4a72ded90
Event: 19.733 Thread 0x000001d4a3793cb0 flushing  nmethod 0x000001d4a7334690
Event: 19.733 Thread 0x000001d4a3793cb0 flushing osr nmethod 0x000001d4a7372290
Event: 19.733 Thread 0x000001d4a3793cb0 flushing  nmethod 0x000001d4a73ec110
Event: 19.733 Thread 0x000001d4a3793cb0 flushing  nmethod 0x000001d4a73ed110
Event: 19.733 Thread 0x000001d4a3793cb0 flushing  nmethod 0x000001d4a73eef10
Event: 19.733 Thread 0x000001d4a3793cb0 flushing  nmethod 0x000001d4a73ef510
Event: 19.733 Thread 0x000001d4a3793cb0 flushing  nmethod 0x000001d4a73f0a90
Event: 19.733 Thread 0x000001d4a3793cb0 flushing  nmethod 0x000001d4a7425090
Event: 19.733 Thread 0x000001d4a3793cb0 flushing  nmethod 0x000001d4a7425590
Event: 19.733 Thread 0x000001d4a3793cb0 flushing  nmethod 0x000001d4a7425b10
Event: 19.733 Thread 0x000001d4a3793cb0 flushing  nmethod 0x000001d4a7456910
Event: 19.733 Thread 0x000001d4a3793cb0 flushing  nmethod 0x000001d4a7469710
Event: 19.733 Thread 0x000001d4a3793cb0 flushing  nmethod 0x000001d4a746a390

Events (20 events):
Event: 320.733 Thread 0x000001d48590ad90 Thread exited: 0x000001d48590ad90
Event: 320.733 Thread 0x000001d48ed59470 Thread exited: 0x000001d48ed59470
Event: 320.733 Thread 0x000001d48ed5a190 Thread exited: 0x000001d48ed5a190
Event: 320.733 Thread 0x000001d485907910 Thread exited: 0x000001d485907910
Event: 320.733 Thread 0x000001d485906560 Thread exited: 0x000001d485906560
Event: 320.733 Thread 0x000001d485909350 Thread exited: 0x000001d485909350
Event: 320.733 Thread 0x000001d48590bab0 Thread exited: 0x000001d48590bab0
Event: 320.733 Thread 0x000001d485905ed0 Thread exited: 0x000001d485905ed0
Event: 320.861 Thread 0x000001d485715ca0 Thread exited: 0x000001d485715ca0
Event: 320.876 Thread 0x000001d485713bd0 Thread exited: 0x000001d485713bd0
Event: 321.038 Thread 0x000001d485907280 Thread exited: 0x000001d485907280
Event: 380.879 Thread 0x000001d485717d70 Thread exited: 0x000001d485717d70
Event: 397.749 Thread 0x000001d48590c7d0 Thread exited: 0x000001d48590c7d0
Event: 440.891 Thread 0x000001d485718400 Thread exited: 0x000001d485718400
Event: 500.899 Thread 0x000001d4857148f0 Thread exited: 0x000001d4857148f0
Event: 560.902 Thread 0x000001d485710de0 Thread exited: 0x000001d485710de0
Event: 620.910 Thread 0x000001d485711470 Thread exited: 0x000001d485711470
Event: 680.918 Thread 0x000001d485713540 Thread exited: 0x000001d485713540
Event: 697.756 Thread 0x000001d49014fdc0 Thread exited: 0x000001d49014fdc0
Event: 740.928 Thread 0x000001d4857169c0 Thread exited: 0x000001d4857169c0


Dynamic libraries:
0x00007ff75ef60000 - 0x00007ff75ef6e000 	c:\Users\Himal\.vscode\extensions\redhat.java-1.56.0-win32-x64\jre\21.0.12.1-win32-x86_64\bin\java.exe
0x00007fff83980000 - 0x00007fff83be7000 	C:\WINDOWS\SYSTEM32\ntdll.dll
0x00007fff827f0000 - 0x00007fff828ba000 	C:\WINDOWS\System32\KERNEL32.DLL
0x00007fff80bd0000 - 0x00007fff80fd2000 	C:\WINDOWS\System32\KERNELBASE.dll
0x00007fff7d120000 - 0x00007fff7d1bf000 	C:\WINDOWS\SYSTEM32\apphelp.dll
0x00007fff81410000 - 0x00007fff8155c000 	C:\WINDOWS\System32\ucrtbase.dll
0x00007fff5ce80000 - 0x00007fff5ce98000 	c:\Users\Himal\.vscode\extensions\redhat.java-1.56.0-win32-x64\jre\21.0.12.1-win32-x86_64\bin\jli.dll
0x00007fff5c060000 - 0x00007fff5c07e000 	c:\Users\Himal\.vscode\extensions\redhat.java-1.56.0-win32-x64\jre\21.0.12.1-win32-x86_64\bin\VCRUNTIME140.dll
0x00007fff828c0000 - 0x00007fff82a8f000 	C:\WINDOWS\System32\USER32.dll
0x00007fff81070000 - 0x00007fff81097000 	C:\WINDOWS\System32\win32u.dll
0x00007fff6f390000 - 0x00007fff6f620000 	C:\WINDOWS\WinSxS\amd64_microsoft.windows.common-controls_6595b64144ccf1df_6.0.26100.9278_none_3e0d1ba8e3303201\COMCTL32.dll
0x00007fff830a0000 - 0x00007fff830cb000 	C:\WINDOWS\System32\GDI32.dll
0x00007fff810a0000 - 0x00007fff811c9000 	C:\WINDOWS\System32\gdi32full.dll
0x00007fff817b0000 - 0x00007fff81859000 	C:\WINDOWS\System32\msvcrt.dll
0x00007fff81620000 - 0x00007fff816c3000 	C:\WINDOWS\System32\msvcp_win.dll
0x00007fff83060000 - 0x00007fff83091000 	C:\WINDOWS\System32\IMM32.DLL
0x00007fff7dc10000 - 0x00007fff7dc1c000 	c:\Users\Himal\.vscode\extensions\redhat.java-1.56.0-win32-x64\jre\21.0.12.1-win32-x86_64\bin\vcruntime140_1.dll
0x00007fff4bca0000 - 0x00007fff4bd2d000 	c:\Users\Himal\.vscode\extensions\redhat.java-1.56.0-win32-x64\jre\21.0.12.1-win32-x86_64\bin\msvcp140.dll
0x00007ffe88940000 - 0x00007ffe896e2000 	c:\Users\Himal\.vscode\extensions\redhat.java-1.56.0-win32-x64\jre\21.0.12.1-win32-x86_64\bin\server\jvm.dll
0x00007fff818a0000 - 0x00007fff8195c000 	C:\WINDOWS\System32\ADVAPI32.dll
0x00007fff82aa0000 - 0x00007fff82b49000 	C:\WINDOWS\System32\sechost.dll
0x00007fff81aa0000 - 0x00007fff81bb8000 	C:\WINDOWS\System32\RPCRT4.dll
0x00007fff81bc0000 - 0x00007fff81c40000 	C:\WINDOWS\System32\WS2_32.dll
0x00007fff80a30000 - 0x00007fff80a8e000 	C:\WINDOWS\SYSTEM32\POWRPROF.dll
0x00007fff7b150000 - 0x00007fff7b186000 	C:\WINDOWS\SYSTEM32\WINMM.dll
0x00007fff7b190000 - 0x00007fff7b19b000 	C:\WINDOWS\SYSTEM32\VERSION.dll
0x00007fff80a10000 - 0x00007fff80a25000 	C:\WINDOWS\SYSTEM32\UMPDC.dll
0x00007fff7f900000 - 0x00007fff7f91b000 	C:\WINDOWS\SYSTEM32\kernel.appcore.dll
0x00007fff7dbd0000 - 0x00007fff7dbda000 	c:\Users\Himal\.vscode\extensions\redhat.java-1.56.0-win32-x64\jre\21.0.12.1-win32-x86_64\bin\jimage.dll
0x00007fff7e3f0000 - 0x00007fff7e632000 	C:\WINDOWS\SYSTEM32\DBGHELP.DLL
0x00007fff835a0000 - 0x00007fff83924000 	C:\WINDOWS\System32\combase.dll
0x00007fff83440000 - 0x00007fff83519000 	C:\WINDOWS\System32\OLEAUT32.dll
0x00007fff67e40000 - 0x00007fff67e7b000 	C:\WINDOWS\SYSTEM32\dbgcore.DLL
0x00007fff81360000 - 0x00007fff8140c000 	C:\WINDOWS\System32\bcryptPrimitives.dll
0x00007fff748a0000 - 0x00007fff748af000 	c:\Users\Himal\.vscode\extensions\redhat.java-1.56.0-win32-x64\jre\21.0.12.1-win32-x86_64\bin\instrument.dll
0x00007fff5bf10000 - 0x00007fff5bf30000 	c:\Users\Himal\.vscode\extensions\redhat.java-1.56.0-win32-x64\jre\21.0.12.1-win32-x86_64\bin\java.dll
0x00007fff81c50000 - 0x00007fff823e8000 	C:\WINDOWS\System32\SHELL32.dll
0x00007fff7e6c0000 - 0x00007fff7ef6e000 	C:\WINDOWS\SYSTEM32\windows.storage.dll
0x00007fff83340000 - 0x00007fff8343b000 	C:\WINDOWS\System32\SHCORE.dll
0x00007fff83530000 - 0x00007fff83596000 	C:\WINDOWS\System32\shlwapi.dll
0x00007fff80af0000 - 0x00007fff80b19000 	C:\WINDOWS\SYSTEM32\profapi.dll
0x00007fff5afc0000 - 0x00007fff5afd8000 	c:\Users\Himal\.vscode\extensions\redhat.java-1.56.0-win32-x64\jre\21.0.12.1-win32-x86_64\bin\zip.dll
0x00007fff745e0000 - 0x00007fff745f0000 	C:\Users\Himal\.vscode\extensions\redhat.java-1.56.0-win32-x64\jre\21.0.12.1-win32-x86_64\bin\net.dll
0x00007fff75e70000 - 0x00007fff75f9a000 	C:\WINDOWS\SYSTEM32\WINHTTP.dll
0x00007fff7fe90000 - 0x00007fff7fefc000 	C:\WINDOWS\system32\mswsock.dll
0x00007fff5ad50000 - 0x00007fff5ad66000 	C:\Users\Himal\.vscode\extensions\redhat.java-1.56.0-win32-x64\jre\21.0.12.1-win32-x86_64\bin\nio.dll
0x00007fff73f20000 - 0x00007fff73f30000 	c:\Users\Himal\.vscode\extensions\redhat.java-1.56.0-win32-x64\jre\21.0.12.1-win32-x86_64\bin\verify.dll
0x00007fff56350000 - 0x00007fff56395000 	C:\Users\Himal\AppData\Roaming\Code\User\globalStorage\redhat.java\1.56.0\config_win\org.eclipse.equinox.launcher\org.eclipse.equinox.launcher.win32.win32.x86_64_1.3.100.v20260804-1928\eclipse_11924.dll
0x00007fff82550000 - 0x00007fff826e9000 	C:\WINDOWS\System32\ole32.dll
0x00007fff80180000 - 0x00007fff8019b000 	C:\WINDOWS\SYSTEM32\CRYPTSP.dll
0x00007fff7f860000 - 0x00007fff7f899000 	C:\WINDOWS\system32\rsaenh.dll
0x00007fff7ff30000 - 0x00007fff7ff64000 	C:\WINDOWS\SYSTEM32\USERENV.dll
0x00007fff80ac0000 - 0x00007fff80aea000 	C:\WINDOWS\SYSTEM32\bcrypt.dll
0x00007fff80170000 - 0x00007fff8017c000 	C:\WINDOWS\SYSTEM32\CRYPTBASE.dll
0x00007fff7f2e0000 - 0x00007fff7f313000 	C:\WINDOWS\SYSTEM32\IPHLPAPI.DLL
0x00007fff83150000 - 0x00007fff8315a000 	C:\WINDOWS\System32\NSI.dll
0x00007fff553f0000 - 0x00007fff55439000 	C:\Users\Himal\AppData\Local\Temp\jna-69729431\jna15781230504298798073.dll
0x00007fff83930000 - 0x00007fff83938000 	C:\WINDOWS\System32\PSAPI.DLL
0x00007fff73c80000 - 0x00007fff73c9d000 	C:\WINDOWS\SYSTEM32\dhcpcsvc6.DLL
0x00007fff73c20000 - 0x00007fff73c45000 	C:\WINDOWS\SYSTEM32\dhcpcsvc.DLL
0x00007fff7dc20000 - 0x00007fff7dc29000 	C:\Users\Himal\.vscode\extensions\redhat.java-1.56.0-win32-x64\jre\21.0.12.1-win32-x86_64\bin\extnet.dll

JVMTI agents:
c:\Users\Himal\.vscode\extensions\redhat.java-1.56.0-win32-x64\lombok\lombok-1.18.39-4050.jar path:c:\Users\Himal\.vscode\extensions\redhat.java-1.56.0-win32-x64\jre\21.0.12.1-win32-x86_64\bin\instrument.dll, loaded, initialized, instrumentlib options:none

dbghelp: loaded successfully - version: 4.0.5 - missing functions: none
symbol engine: initialized successfully - sym options: 0x614 - pdb path: .;c:\Users\Himal\.vscode\extensions\redhat.java-1.56.0-win32-x64\jre\21.0.12.1-win32-x86_64\bin;C:\WINDOWS\SYSTEM32;C:\WINDOWS\WinSxS\amd64_microsoft.windows.common-controls_6595b64144ccf1df_6.0.26100.9278_none_3e0d1ba8e3303201;c:\Users\Himal\.vscode\extensions\redhat.java-1.56.0-win32-x64\jre\21.0.12.1-win32-x86_64\bin\server;C:\Users\Himal\AppData\Roaming\Code\User\globalStorage\redhat.java\1.56.0\config_win\org.eclipse.equinox.launcher\org.eclipse.equinox.launcher.win32.win32.x86_64_1.3.100.v20260804-1928;C:\Users\Himal\AppData\Local\Temp\jna-69729431

VM Arguments:
jvm_args: --add-modules=ALL-SYSTEM --add-opens=java.base/java.util=ALL-UNNAMED --add-opens=java.base/java.lang=ALL-UNNAMED --add-opens=java.base/sun.nio.fs=ALL-UNNAMED -Declipse.application=org.eclipse.jdt.ls.core.id1 -Dosgi.bundles.defaultStartLevel=4 -Declipse.product=org.eclipse.jdt.ls.core.product -Djava.import.generatesMetadataFilesAtProjectRoot=false -Dm2e.project.cache.size=50 -DDetectVMInstallationsJob.disabled=true -Dfile.encoding=utf8 -XX:+UseParallelGC -XX:GCTimeRatio=4 -XX:AdaptiveSizePolicyWeight=90 -Dsun.zip.disableMemoryMapping=true -Xmx2G -Xms100m -Xlog:disable -javaagent:c:\Users\Himal\.vscode\extensions\redhat.java-1.56.0-win32-x64\lombok\lombok-1.18.39-4050.jar -XX:+HeapDumpOnOutOfMemoryError -XX:HeapDumpPath=c:\Users\Himal\AppData\Roaming\Code\User\workspaceStorage\b3afb59f7a162a8b71c733874936456c\redhat.java -Daether.dependencyCollector.impl=bf 
java_command: c:\Users\Himal\.vscode\extensions\redhat.java-1.56.0-win32-x64\server\plugins\org.eclipse.equinox.launcher_1.8.0.v20260804-1928.jar -configuration c:\Users\Himal\AppData\Roaming\Code\User\globalStorage\redhat.java\1.56.0\config_win -data c:\Users\Himal\AppData\Roaming\Code\User\workspaceStorage\b3afb59f7a162a8b71c733874936456c\redhat.java\jdt_ws --pipe=\\.\pipe\lsp-ad5db5e1ddad445568507345ce26ab0a-sock
java_class_path (initial): c:\Users\Himal\.vscode\extensions\redhat.java-1.56.0-win32-x64\server\plugins\org.eclipse.equinox.launcher_1.8.0.v20260804-1928.jar
Launcher Type: SUN_STANDARD

[Global flags]
    uintx AdaptiveSizePolicyWeight                 = 90                                        {product} {command line}
     intx CICompilerCount                          = 12                                        {product} {ergonomic}
    uintx GCTimeRatio                              = 4                                         {product} {command line}
     bool HeapDumpOnOutOfMemoryError               = true                                   {manageable} {command line}
    ccstr HeapDumpPath                             = c:\Users\Himal\AppData\Roaming\Code\User\workspaceStorage\b3afb59f7a162a8b71c733874936456c\redhat.java         {manageable} {command line}
   size_t InitialHeapSize                          = 104857600                                 {product} {command line}
   size_t MaxHeapSize                              = 2147483648                                {product} {command line}
   size_t MaxNewSize                               = 715653120                                 {product} {ergonomic}
   size_t MinHeapDeltaBytes                        = 524288                                    {product} {ergonomic}
   size_t MinHeapSize                              = 104857600                                 {product} {command line}
   size_t NewSize                                  = 34603008                                  {product} {ergonomic}
    uintx NonNMethodCodeHeapSize                   = 7602480                                {pd product} {ergonomic}
    uintx NonProfiledCodeHeapSize                  = 122027880                              {pd product} {ergonomic}
   size_t OldSize                                  = 70254592                                  {product} {ergonomic}
    uintx ProfiledCodeHeapSize                     = 122027880                              {pd product} {ergonomic}
    uintx ReservedCodeCacheSize                    = 251658240                              {pd product} {ergonomic}
     bool SegmentedCodeCache                       = true                                      {product} {ergonomic}
   size_t SoftMaxHeapSize                          = 2147483648                             {manageable} {ergonomic}
     bool UseCompressedOops                        = true                           {product lp64_product} {ergonomic}
     bool UseLargePagesIndividualAllocation        = false                                  {pd product} {ergonomic}
     bool UseParallelGC                            = true                                      {product} {command line}

Logging:
Log output configuration:
 #0: stdout all=off uptime,level,tags foldmultilines=false
 #1: stderr all=off uptime,level,tags foldmultilines=false

Release file:
JAVA_VERSION="21.0.12.1" 
MODULES="java.base java.compiler java.datatransfer java.xml java.prefs java.desktop java.instrument java.logging java.management java.security.sasl java.naming java.rmi java.management.rmi java.net.http java.scripting java.security.jgss java.transaction.xa java.sql java.sql.rowset java.xml.crypto java.se java.smartcardio jdk.accessibility jdk.internal.jvmstat jdk.attach jdk.charsets jdk.internal.opt jdk.zipfs jdk.compiler jdk.crypto.ec jdk.crypto.cryptoki jdk.crypto.mscapi jdk.dynalink jdk.internal.ed jdk.editpad jdk.hotspot.agent jdk.httpserver jdk.internal.le jdk.internal.vm.ci jdk.internal.vm.compiler jdk.internal.vm.compiler.management jdk.jartool jdk.javadoc jdk.jcmd jdk.management jdk.management.agent jdk.jconsole jdk.jdeps jdk.jdwp.agent jdk.jdi jdk.jfr jdk.jshell jdk.jsobject jdk.jstatd jdk.localedata jdk.management.jfr jdk.naming.dns jdk.naming.rmi jdk.net jdk.nio.mapmode jdk.random jdk.sctp jdk.security.auth jdk.security.jgss jdk.unsupported jdk.unsupported.desktop jdk.xml.dom" 

Environment Variables:
JAVA_HOME=C:\Program Files\Java\jdk-23
PATH=C:\app\Himal\product\21c\dbhomeXE\bin;C:\Python314\Scripts\;C:\Python314\;C:\Program Files\Common Files\Oracle\Java\javapath;C:\Program Files (x86)\Common Files\Oracle\Java\java8path;C:\Program Files (x86)\Common Files\Oracle\Java\javapath;C:\Program Files\Microsoft\jdk-11.0.17.8-hotspot\bin;C:\Windows\System32;C:\Windows;C:\Windows\System32\wbem;C:\Windows\System32\WindowsPowerShell\v1.0\;C:\Windows\System32\OpenSSH\;C:\Program Files\dotnet\;C:\xampp\php;C:\ProgramData\ComposerSetup\bin;C:\Program Files (x86)\GnuPG\bin;C:\Program Files\Java\jdk-23\bin;C:\Program Files\Git\cmd;C:\Program Files\nodejs\;C:\ProgramData\chocolatey\bin;C:\Program Files (x86)\cloudflared\;C:\Users\Himal\AppData\Local\Microsoft\WindowsApps;C:\Users\Himal\AppData\Local\Programs\Microsoft VS Code\bin;C:\Program Files\Microsoft\jdk-11.0.17.8-hotspot;C:\Users\Himal\AppData\Local\Android\Sdk\platform-tools;C:\Users\Himal\AppData\Roaming\Composer\vendor\bin;C:\Users\Himal\AppData\Roaming\npm;C:\Users\Himal\AppData\Local\GitHubDesktop\bin;
USERNAME=Himal
OS=Windows_NT
PROCESSOR_IDENTIFIER=AMD64 Family 23 Model 96 Stepping 1, AuthenticAMD
TMP=C:\Users\Himal\AppData\Local\Temp
TEMP=C:\Users\Himal\AppData\Local\Temp




Periodic native trim disabled

---------------  S Y S T E M  ---------------

OS:
 Windows 11 , 64 bit Build 26100 (10.0.26100.9278)
OS uptime: 1 days 11:01 hours

CPU: total 16 (initial active 16) (16 cores per cpu, 2 threads per core) family 23 model 96 stepping 1 microcode 0x860010c, cx8, cmov, fxsr, ht, mmx, 3dnowpref, sse, sse2, sse3, ssse3, sse4a, sse4.1, sse4.2, popcnt, lzcnt, tsc, tscinvbit, avx, avx2, aes, clmul, bmi1, bmi2, adx, sha, fma, vzeroupper, clflush, clflushopt, rdtscp, rdpid, f16c
Processor Information for the first 16 processors :
  Max Mhz: 2900, Current Mhz: 1700, Mhz Limit: 2900

Memory: 4k page, system-wide physical 7545M (217M free)
TotalPageFile size 31097M (AvailPageFile size 0M)
current process WorkingSet (physical memory assigned to process): 19M, peak: 877M
current process commit charge ("private bytes"): 823M, peak: 851M

vm_info: OpenJDK 64-Bit Server VM (21.0.12.1+1-LTS) for windows-amd64 JRE (21.0.12.1+1-LTS), built on 2026-08-18T00:00:00Z by "admin" with MS VC++ 17.12 (VS2022)

END.
