#
# There is insufficient memory for the Java Runtime Environment to continue.
# Native memory allocation (malloc) failed to allocate 1318256 bytes. Error detail: Chunk::new
# Possible reasons:
#   The system is out of physical RAM or swap space
#   This process is running with CompressedOops enabled, and the Java Heap may be blocking the growth of the native heap
# Possible solutions:
#   Reduce memory load on the system
#   Increase physical memory or swap space
#   Check if swap backing store is full
#   Decrease Java heap size (-Xmx/-Xms)
#   Decrease number of Java threads
#   Decrease Java thread stack sizes (-Xss)
#   Set larger code cache with -XX:ReservedCodeCacheSize=
#   JVM is running with Zero Based Compressed Oops mode in which the Java heap is
#     placed in the first 32GB address space. The Java Heap base address is the
#     maximum limit for the native heap growth. Please use -XX:HeapBaseMinAddress
#     to set the Java Heap base and to place the Java Heap above 32GB virtual address.
# This output file may be truncated or incomplete.
#
#  Out of Memory Error (arena.cpp:168), pid=17424, tid=26088
#
# JRE version: OpenJDK Runtime Environment Temurin-21.0.12.1+1 (21.0.12.1+1) (build 21.0.12.1+1-LTS)
# Java VM: OpenJDK 64-Bit Server VM Temurin-21.0.12.1+1 (21.0.12.1+1-LTS, mixed mode, sharing, tiered, compressed oops, compressed class ptrs, parallel gc, windows-amd64)
# No core dump will be written. Minidumps are not enabled by default on client versions of Windows
#

---------------  S U M M A R Y ------------

Command Line: --add-modules=ALL-SYSTEM --add-opens=java.base/java.util=ALL-UNNAMED --add-opens=java.base/java.lang=ALL-UNNAMED --add-opens=java.base/sun.nio.fs=ALL-UNNAMED -Declipse.application=org.eclipse.jdt.ls.core.id1 -Dosgi.bundles.defaultStartLevel=4 -Declipse.product=org.eclipse.jdt.ls.core.product -Djava.import.generatesMetadataFilesAtProjectRoot=false -Dm2e.project.cache.size=50 -DDetectVMInstallationsJob.disabled=true -Dfile.encoding=utf8 -XX:+UseParallelGC -XX:GCTimeRatio=4 -XX:AdaptiveSizePolicyWeight=90 -Dsun.zip.disableMemoryMapping=true -Xmx4G -Xms100m -Xlog:disable -javaagent:c:\Users\Himal\.vscode\extensions\redhat.java-1.56.0-win32-x64\lombok\lombok-1.18.39-4050.jar c:\Users\Himal\.vscode\extensions\redhat.java-1.56.0-win32-x64\server\plugins\org.eclipse.equinox.launcher_1.8.0.v20260804-1928.jar -configuration c:\Users\Himal\AppData\Roaming\Code\User\globalStorage\redhat.java\1.56.0\config_ss_win -data c:\Users\Himal\AppData\Roaming\Code\User\workspaceStorage\b3afb59f7a162a8b71c733874936456c\redhat.java\ss_ws --pipe=\\.\pipe\lsp-be6a14c228be26db3db5c3e5457abc18-sock

Host: AMD Ryzen 7 4800H with Radeon Graphics         , 16 cores, 7G,  Windows 11 , 64 bit Build 26100 (10.0.26100.9278)
Time: Wed Sep  9 20:56:48 2026 Sri Lanka Standard Time elapsed time: 13.503978 seconds (0d 0h 0m 13s)

---------------  T H R E A D  ---------------

Current thread (0x00000268893b7450):  JavaThread "C2 CompilerThread0" daemon [_thread_in_native, id=26088, stack(0x000000c614500000,0x000000c614600000) (1024K)]


Current CompileTask:
C2:13504 2554       4       org.eclipse.core.internal.dtree.DataTreeReader::readNode (248 bytes)

Stack: [0x000000c614500000,0x000000c614600000]
Native frames: (J=compiled Java code, j=interpreted, Vv=VM code, C=native code)
V  [jvm.dll+0x6d83e9]
V  [jvm.dll+0x8b5736]
V  [jvm.dll+0x8b7cee]
V  [jvm.dll+0x8b83d3]
V  [jvm.dll+0x284596]
V  [jvm.dll+0xc685d]
V  [jvm.dll+0xc6da1]
V  [jvm.dll+0x3bf151]
V  [jvm.dll+0x38b6d2]
V  [jvm.dll+0x38ab1a]
V  [jvm.dll+0x24c700]
V  [jvm.dll+0x24bce0]
V  [jvm.dll+0x1cb4ae]
V  [jvm.dll+0x25baad]
V  [jvm.dll+0x25a03a]
V  [jvm.dll+0x3f8aae]
V  [jvm.dll+0x8600cd]
V  [jvm.dll+0x6d6c1d]
C  [ucrtbase.dll+0x2cd30]
C  [KERNEL32.DLL+0x2ccb7]
C  [ntdll.dll+0xacaec]


---------------  P R O C E S S  ---------------

Threads class SMR info:
_java_thread_list=0x000002688f824c90, length=17, elements={
0x00000268295d3430, 0x0000026846ebdac0, 0x000002682bb5a2b0, 0x000002682bb60db0,
0x000002682bb61810, 0x000002682bb6aab0, 0x00000268893b4f60, 0x00000268893b7450,
0x00000268893b8d60, 0x00000268896119d0, 0x00000268896f7090, 0x000002688f5fc580,
0x000002688f220c10, 0x000002688f402fd0, 0x000002688f017310, 0x00000268895c88c0,
0x000002688f93fef0
}

Java Threads: ( => current thread )
  0x00000268295d3430 JavaThread "main"                              [_thread_blocked, id=25576, stack(0x000000c613b00000,0x000000c613c00000) (1024K)]
  0x0000026846ebdac0 JavaThread "Reference Handler"          daemon [_thread_blocked, id=33404, stack(0x000000c613f00000,0x000000c614000000) (1024K)]
  0x000002682bb5a2b0 JavaThread "Finalizer"                  daemon [_thread_blocked, id=21892, stack(0x000000c614000000,0x000000c614100000) (1024K)]
  0x000002682bb60db0 JavaThread "Signal Dispatcher"          daemon [_thread_blocked, id=31280, stack(0x000000c614100000,0x000000c614200000) (1024K)]
  0x000002682bb61810 JavaThread "Attach Listener"            daemon [_thread_blocked, id=24812, stack(0x000000c614200000,0x000000c614300000) (1024K)]
  0x000002682bb6aab0 JavaThread "Service Thread"             daemon [_thread_blocked, id=10556, stack(0x000000c614300000,0x000000c614400000) (1024K)]
  0x00000268893b4f60 JavaThread "Monitor Deflation Thread"   daemon [_thread_blocked, id=25564, stack(0x000000c614400000,0x000000c614500000) (1024K)]
=>0x00000268893b7450 JavaThread "C2 CompilerThread0"         daemon [_thread_in_native, id=26088, stack(0x000000c614500000,0x000000c614600000) (1024K)]
  0x00000268893b8d60 JavaThread "C1 CompilerThread0"         daemon [_thread_blocked, id=31700, stack(0x000000c614600000,0x000000c614700000) (1024K)]
  0x00000268896119d0 JavaThread "Common-Cleaner"             daemon [_thread_blocked, id=29528, stack(0x000000c614700000,0x000000c614800000) (1024K)]
  0x00000268896f7090 JavaThread "Notification Thread"        daemon [_thread_blocked, id=13672, stack(0x000000c614800000,0x000000c614900000) (1024K)]
  0x000002688f5fc580 JavaThread "Active Thread: Equinox Container: ab7f62cb-da12-4339-93c9-4c038779fa13"        [_thread_blocked, id=32872, stack(0x000000c615000000,0x000000c615100000) (1024K)]
  0x000002688f220c10 JavaThread "Framework Event Dispatcher: Equinox Container: ab7f62cb-da12-4339-93c9-4c038779fa13" daemon [_thread_blocked, id=16856, stack(0x000000c614900000,0x000000c614a00000) (1024K)]
  0x000002688f402fd0 JavaThread "Start Level: Equinox Container: ab7f62cb-da12-4339-93c9-4c038779fa13" daemon [_thread_in_native, id=18840, stack(0x000000c615200000,0x000000c615300000) (1024K)]
  0x000002688f017310 JavaThread "SCR Component Actor"        daemon [_thread_blocked, id=21400, stack(0x000000c615300000,0x000000c615400000) (1024K)]
  0x00000268895c88c0 JavaThread "C1 CompilerThread1"         daemon [_thread_blocked, id=25012, stack(0x000000c615400000,0x000000c615500000) (1024K)]
  0x000002688f93fef0 JavaThread "Worker-JM"                         [_thread_blocked, id=18744, stack(0x000000c615500000,0x000000c615600000) (1024K)]
Total: 17

Other Threads:
  0x0000026846ea4ba0 VMThread "VM Thread"                           [id=17240, stack(0x000000c613e00000,0x000000c613f00000) (1024K)]
  0x0000026846d9ca00 WatcherThread "VM Periodic Task Thread"        [id=34772, stack(0x000000c613d00000,0x000000c613e00000) (1024K)]
  0x000002682bad4ed0 WorkerThread "GC Thread#0"                     [id=2472, stack(0x000000c613c00000,0x000000c613d00000) (1024K)]
  0x000002688f102c50 WorkerThread "GC Thread#1"                     [id=31240, stack(0x000000c614a00000,0x000000c614b00000) (1024K)]
  0x000002688f41e390 WorkerThread "GC Thread#2"                     [id=32312, stack(0x000000c614b00000,0x000000c614c00000) (1024K)]
  0x000002688f41e740 WorkerThread "GC Thread#3"                     [id=33120, stack(0x000000c614c00000,0x000000c614d00000) (1024K)]
  0x000002688f0df830 WorkerThread "GC Thread#4"                     [id=25884, stack(0x000000c614d00000,0x000000c614e00000) (1024K)]
  0x000002688f0dfbe0 WorkerThread "GC Thread#5"                     [id=16188, stack(0x000000c614e00000,0x000000c614f00000) (1024K)]
  0x000002688f419070 WorkerThread "GC Thread#6"                     [id=34184, stack(0x000000c614f00000,0x000000c615000000) (1024K)]
  0x000002688f4f9c80 WorkerThread "GC Thread#7"                     [id=32532, stack(0x000000c615100000,0x000000c615200000) (1024K)]
  0x000002688f87b1c0 WorkerThread "GC Thread#8"                     [id=33196, stack(0x000000c615600000,0x000000c615700000) (1024K)]
  0x000002688f87b570 WorkerThread "GC Thread#9"                     [id=26592, stack(0x000000c615700000,0x000000c615800000) (1024K)]
Total: 12

Threads with active compile tasks:
C2 CompilerThread0  13558 2554       4       org.eclipse.core.internal.dtree.DataTreeReader::readNode (248 bytes)
Total: 1

VM state: not at safepoint (normal execution)

VM Mutex/Monitor currently owned by a thread: None

Heap address: 0x0000000700000000, size: 4096 MB, Compressed Oops mode: Zero based, Oop shift amount: 3

CDS archive(s) mapped at: [0x0000026847000000-0x0000026847ba0000-0x0000026847ba0000), size 12189696, SharedBaseAddress: 0x0000026847000000, ArchiveRelocationMode: 1.
Compressed class space mapped at: 0x0000026848000000-0x0000026888000000, reserved size: 1073741824
Narrow klass base: 0x0000026847000000, Narrow klass shift: 0, Narrow klass range: 0x100000000

GC Precious Log:
 CardTable entry size: 512
 CPUs: 16 total, 16 available
 Memory: 7545M
 Large Page Support: Disabled
 NUMA Support: Disabled
 Compressed Oops: Enabled (Zero based)
 Alignments: Space 512K, Generation 512K, Heap 2M
 Heap Min Capacity: 100M
 Heap Initial Capacity: 100M
 Heap Max Capacity: 4G
 Pre-touch: Disabled
 Parallel Workers: 13

Heap:
 PSYoungGen      total 29696K, used 21555K [0x00000007aab00000, 0x00000007acc00000, 0x0000000800000000)
  eden space 25600K, 68% used [0x00000007aab00000,0x00000007abc103c0,0x00000007ac400000)
  from space 4096K, 99% used [0x00000007ac400000,0x00000007ac7fcbf0,0x00000007ac800000)
  to   space 4096K, 0% used [0x00000007ac800000,0x00000007ac800000,0x00000007acc00000)
 ParOldGen       total 68608K, used 2722K [0x0000000700000000, 0x0000000704300000, 0x00000007aab00000)
  object space 68608K, 3% used [0x0000000700000000,0x00000007002a8a08,0x0000000704300000)
 Metaspace       used 14999K, committed 15552K, reserved 1114112K
  class space    used 1562K, committed 1792K, reserved 1048576K

Card table byte_map: [0x000002683dcb0000,0x000002683e4c0000] _byte_map_base: 0x000002683a4b0000

Marking Bits: (ParMarkBitMap*) 0x00007ff8942f44a0
 Begin Bits: [0x000002683e4c0000, 0x00000268424c0000)
 End Bits:   [0x00000268424c0000, 0x00000268464c0000)

Polling page: 0x0000026829910000

Metaspace:

Usage:
  Non-class:     13.12 MB used.
      Class:      1.53 MB used.
       Both:     14.65 MB used.

Virtual space:
  Non-class space:       64.00 MB reserved,      13.44 MB ( 21%) committed,  1 nodes.
      Class space:        1.00 GB reserved,       1.75 MB ( <1%) committed,  1 nodes.
             Both:        1.06 GB reserved,      15.19 MB (  1%) committed. 

Chunk freelists:
   Non-Class:  1.91 MB
       Class:  14.27 MB
        Both:  16.18 MB

MaxMetaspaceSize: unlimited
CompressedClassSpaceSize: 1.00 GB
Initial GC threshold: 21.00 MB
Current GC threshold: 21.00 MB
CDS: on
 - commit_granule_bytes: 65536.
 - commit_granule_words: 8192.
 - virtual_space_node_default_size: 8388608.
 - enlarge_chunks_in_place: 1.
 - use_allocation_guard: 0.


Internal statistics:

num_allocs_failed_limit: 0.
num_arena_births: 424.
num_arena_deaths: 0.
num_vsnodes_births: 2.
num_vsnodes_deaths: 0.
num_space_committed: 243.
num_space_uncommitted: 0.
num_chunks_returned_to_freelist: 0.
num_chunks_taken_from_freelist: 962.
num_chunk_merges: 0.
num_chunk_splits: 603.
num_chunks_enlarged: 379.
num_inconsistent_stats: 0.

CodeHeap 'non-profiled nmethods': size=119168Kb used=930Kb max_used=930Kb free=118237Kb
 bounds [0x0000026836850000, 0x0000026836ac0000, 0x000002683dcb0000]
CodeHeap 'profiled nmethods': size=119104Kb used=5175Kb max_used=5175Kb free=113928Kb
 bounds [0x000002682ecb0000, 0x000002682f1c0000, 0x0000026836100000]
CodeHeap 'non-nmethods': size=7488Kb used=1835Kb max_used=1840Kb free=5652Kb
 bounds [0x0000026836100000, 0x0000026836370000, 0x0000026836850000]
CodeCache: size=245760Kb, used=7940Kb, max_used=7945Kb, free=237817Kb
 total_blobs=3135, nmethods=2590, adapters=450, full_count=0
Compilation: enabled, stopped_count=0, restarted_count=0

Compilation events (20 events):
Event: 13.482 Thread 0x00000268895c88c0 nmethod 2589 0x000002682f1ac790 code [0x000002682f1ac960, 0x000002682f1acc78]
Event: 13.482 Thread 0x00000268893b8d60 nmethod 2590 0x000002682f1acd90 code [0x000002682f1acf40, 0x000002682f1ad170]
Event: 13.482 Thread 0x00000268895c88c0 2591       3       java.util.concurrent.ConcurrentHashMap$ValueIterator::<init> (12 bytes)
Event: 13.482 Thread 0x00000268895c88c0 nmethod 2591 0x000002682f1ad290 code [0x000002682f1ad440, 0x000002682f1ad578]
Event: 13.491 Thread 0x00000268893b8d60 2593       3       com.sun.org.apache.xerces.internal.xni.QName::clear (21 bytes)
Event: 13.491 Thread 0x00000268895c88c0 2594       3       com.sun.org.apache.xerces.internal.xni.QName::<init> (9 bytes)
Event: 13.491 Thread 0x00000268893b8d60 nmethod 2593 0x000002682f1ad610 code [0x000002682f1ad7a0, 0x000002682f1ad900]
Event: 13.491 Thread 0x00000268895c88c0 nmethod 2594 0x000002682f1ad990 code [0x000002682f1adb40, 0x000002682f1add68]
Event: 13.493 Thread 0x00000268893b8d60 2596       3       com.sun.org.apache.xerces.internal.utils.XMLSecurityManager$NameMap::getOldName (18 bytes)
Event: 13.493 Thread 0x00000268893b8d60 nmethod 2596 0x000002682f1ade90 code [0x000002682f1ae040, 0x000002682f1ae200]
Event: 13.495 Thread 0x00000268893b8d60 2597       3       jdk.xml.internal.SecuritySupport::getSystemProperty (13 bytes)
Event: 13.495 Thread 0x00000268895c88c0 2598       3       jdk.xml.internal.SecuritySupport$$Lambda/0x00000268480d0da8::<init> (10 bytes)
Event: 13.496 Thread 0x00000268895c88c0 nmethod 2598 0x000002682f1ae310 code [0x000002682f1ae4c0, 0x000002682f1ae648]
Event: 13.496 Thread 0x00000268895c88c0 2599       3       jdk.xml.internal.SecuritySupport$$Lambda/0x00000268480d0da8::run (8 bytes)
Event: 13.496 Thread 0x00000268895c88c0 nmethod 2599 0x000002682f1ae710 code [0x000002682f1ae900, 0x000002682f1aecd0]
Event: 13.496 Thread 0x00000268895c88c0 2600       3       jdk.xml.internal.SecuritySupport::lambda$getSystemProperty$0 (5 bytes)
Event: 13.496 Thread 0x00000268893b8d60 nmethod 2597 0x000002682f1aee90 code [0x000002682f1af0e0, 0x000002682f1afa20]
Event: 13.497 Thread 0x00000268895c88c0 nmethod 2600 0x000002682f1afd90 code [0x000002682f1aff60, 0x000002682f1b02b8]
Event: 13.497 Thread 0x00000268893b8d60 2601       3       java.util.Arrays::asList (9 bytes)
Event: 13.497 Thread 0x00000268895c88c0 2602       3       java.util.Arrays$ArrayList::<init> (16 bytes)

GC Heap History (6 events):
Event: 2.539 GC heap before
{Heap before GC invocations=1 (full 0):
 PSYoungGen      total 29696K, used 25600K [0x00000007aab00000, 0x00000007acc00000, 0x0000000800000000)
  eden space 25600K, 100% used [0x00000007aab00000,0x00000007ac400000,0x00000007ac400000)
  from space 4096K, 0% used [0x00000007ac800000,0x00000007ac800000,0x00000007acc00000)
  to   space 4096K, 0% used [0x00000007ac400000,0x00000007ac400000,0x00000007ac800000)
 ParOldGen       total 68608K, used 0K [0x0000000700000000, 0x0000000704300000, 0x00000007aab00000)
  object space 68608K, 0% used [0x0000000700000000,0x0000000700000000,0x0000000704300000)
 Metaspace       used 4274K, committed 4544K, reserved 1114112K
  class space    used 469K, committed 576K, reserved 1048576K
}
Event: 2.553 GC heap after
{Heap after GC invocations=1 (full 0):
 PSYoungGen      total 29696K, used 4028K [0x00000007aab00000, 0x00000007acc00000, 0x0000000800000000)
  eden space 25600K, 0% used [0x00000007aab00000,0x00000007aab00000,0x00000007ac400000)
  from space 4096K, 98% used [0x00000007ac400000,0x00000007ac7ef000,0x00000007ac800000)
  to   space 4096K, 0% used [0x00000007ac800000,0x00000007ac800000,0x00000007acc00000)
 ParOldGen       total 68608K, used 16K [0x0000000700000000, 0x0000000704300000, 0x00000007aab00000)
  object space 68608K, 0% used [0x0000000700000000,0x0000000700004000,0x0000000704300000)
 Metaspace       used 4274K, committed 4544K, reserved 1114112K
  class space    used 469K, committed 576K, reserved 1048576K
}
Event: 11.793 GC heap before
{Heap before GC invocations=2 (full 0):
 PSYoungGen      total 29696K, used 29628K [0x00000007aab00000, 0x00000007acc00000, 0x0000000800000000)
  eden space 25600K, 100% used [0x00000007aab00000,0x00000007ac400000,0x00000007ac400000)
  from space 4096K, 98% used [0x00000007ac400000,0x00000007ac7ef000,0x00000007ac800000)
  to   space 4096K, 0% used [0x00000007ac800000,0x00000007ac800000,0x00000007acc00000)
 ParOldGen       total 68608K, used 16K [0x0000000700000000, 0x0000000704300000, 0x00000007aab00000)
  object space 68608K, 0% used [0x0000000700000000,0x0000000700004000,0x0000000704300000)
 Metaspace       used 8049K, committed 8384K, reserved 1114112K
  class space    used 838K, committed 960K, reserved 1048576K
}
Event: 11.803 GC heap after
{Heap after GC invocations=2 (full 0):
 PSYoungGen      total 29696K, used 4086K [0x00000007aab00000, 0x00000007acc00000, 0x0000000800000000)
  eden space 25600K, 0% used [0x00000007aab00000,0x00000007aab00000,0x00000007ac400000)
  from space 4096K, 99% used [0x00000007ac800000,0x00000007acbfd810,0x00000007acc00000)
  to   space 4096K, 0% used [0x00000007ac400000,0x00000007ac400000,0x00000007ac800000)
 ParOldGen       total 68608K, used 969K [0x0000000700000000, 0x0000000704300000, 0x00000007aab00000)
  object space 68608K, 1% used [0x0000000700000000,0x00000007000f26a8,0x0000000704300000)
 Metaspace       used 8049K, committed 8384K, reserved 1114112K
  class space    used 838K, committed 960K, reserved 1048576K
}
Event: 12.900 GC heap before
{Heap before GC invocations=3 (full 0):
 PSYoungGen      total 29696K, used 29686K [0x00000007aab00000, 0x00000007acc00000, 0x0000000800000000)
  eden space 25600K, 100% used [0x00000007aab00000,0x00000007ac400000,0x00000007ac400000)
  from space 4096K, 99% used [0x00000007ac800000,0x00000007acbfd810,0x00000007acc00000)
  to   space 4096K, 0% used [0x00000007ac400000,0x00000007ac400000,0x00000007ac800000)
 ParOldGen       total 68608K, used 969K [0x0000000700000000, 0x0000000704300000, 0x00000007aab00000)
  object space 68608K, 1% used [0x0000000700000000,0x00000007000f26a8,0x0000000704300000)
 Metaspace       used 12922K, committed 13440K, reserved 1114112K
  class space    used 1357K, committed 1600K, reserved 1048576K
}
Event: 12.907 GC heap after
{Heap after GC invocations=3 (full 0):
 PSYoungGen      total 29696K, used 4082K [0x00000007aab00000, 0x00000007acc00000, 0x0000000800000000)
  eden space 25600K, 0% used [0x00000007aab00000,0x00000007aab00000,0x00000007ac400000)
  from space 4096K, 99% used [0x00000007ac400000,0x00000007ac7fcbf0,0x00000007ac800000)
  to   space 4096K, 0% used [0x00000007ac800000,0x00000007ac800000,0x00000007acc00000)
 ParOldGen       total 68608K, used 2722K [0x0000000700000000, 0x0000000704300000, 0x00000007aab00000)
  object space 68608K, 3% used [0x0000000700000000,0x00000007002a8a08,0x0000000704300000)
 Metaspace       used 12922K, committed 13440K, reserved 1114112K
  class space    used 1357K, committed 1600K, reserved 1048576K
}

Dll operation events (18 events):
Event: 0.250 Attempting to load shared library c:\Users\Himal\.vscode\extensions\redhat.java-1.56.0-win32-x64\jre\21.0.12.1-win32-x86_64\bin\java.dll
Event: 0.250 Loaded shared library c:\Users\Himal\.vscode\extensions\redhat.java-1.56.0-win32-x64\jre\21.0.12.1-win32-x86_64\bin\java.dll
Event: 0.579 Attempting to load shared library c:\Users\Himal\.vscode\extensions\redhat.java-1.56.0-win32-x64\jre\21.0.12.1-win32-x86_64\bin\zip.dll
Event: 0.582 Loaded shared library c:\Users\Himal\.vscode\extensions\redhat.java-1.56.0-win32-x64\jre\21.0.12.1-win32-x86_64\bin\zip.dll
Event: 0.629 Attempting to load shared library C:\Users\Himal\.vscode\extensions\redhat.java-1.56.0-win32-x64\jre\21.0.12.1-win32-x86_64\bin\instrument.dll
Event: 0.629 Loaded shared library C:\Users\Himal\.vscode\extensions\redhat.java-1.56.0-win32-x64\jre\21.0.12.1-win32-x86_64\bin\instrument.dll
Event: 0.640 Attempting to load shared library C:\Users\Himal\.vscode\extensions\redhat.java-1.56.0-win32-x64\jre\21.0.12.1-win32-x86_64\bin\net.dll
Event: 0.805 Loaded shared library C:\Users\Himal\.vscode\extensions\redhat.java-1.56.0-win32-x64\jre\21.0.12.1-win32-x86_64\bin\net.dll
Event: 0.811 Attempting to load shared library C:\Users\Himal\.vscode\extensions\redhat.java-1.56.0-win32-x64\jre\21.0.12.1-win32-x86_64\bin\nio.dll
Event: 0.939 Loaded shared library C:\Users\Himal\.vscode\extensions\redhat.java-1.56.0-win32-x64\jre\21.0.12.1-win32-x86_64\bin\nio.dll
Event: 0.949 Attempting to load shared library C:\Users\Himal\.vscode\extensions\redhat.java-1.56.0-win32-x64\jre\21.0.12.1-win32-x86_64\bin\zip.dll
Event: 0.949 Loaded shared library C:\Users\Himal\.vscode\extensions\redhat.java-1.56.0-win32-x64\jre\21.0.12.1-win32-x86_64\bin\zip.dll
Event: 1.010 Attempting to load shared library C:\Users\Himal\.vscode\extensions\redhat.java-1.56.0-win32-x64\jre\21.0.12.1-win32-x86_64\bin\jimage.dll
Event: 1.010 Loaded shared library C:\Users\Himal\.vscode\extensions\redhat.java-1.56.0-win32-x64\jre\21.0.12.1-win32-x86_64\bin\jimage.dll
Event: 1.209 Attempting to load shared library c:\Users\Himal\.vscode\extensions\redhat.java-1.56.0-win32-x64\jre\21.0.12.1-win32-x86_64\bin\verify.dll
Event: 1.313 Loaded shared library c:\Users\Himal\.vscode\extensions\redhat.java-1.56.0-win32-x64\jre\21.0.12.1-win32-x86_64\bin\verify.dll
Event: 11.816 Attempting to load shared library C:\Users\Himal\AppData\Roaming\Code\User\globalStorage\redhat.java\1.56.0\config_ss_win\org.eclipse.equinox.launcher\org.eclipse.equinox.launcher.win32.win32.x86_64_1.3.100.v20260804-1928\eclipse_11924.dll
Event: 12.099 Loaded shared library C:\Users\Himal\AppData\Roaming\Code\User\globalStorage\redhat.java\1.56.0\config_ss_win\org.eclipse.equinox.launcher\org.eclipse.equinox.launcher.win32.win32.x86_64_1.3.100.v20260804-1928\eclipse_11924.dll

Deoptimization events (20 events):
Event: 13.074 Thread 0x000002688f402fd0 Uncommon trap: trap_request=0xffffff45 fr.pc=0x0000026836927dbc relative=0x000000000000127c
Event: 13.074 Thread 0x000002688f402fd0 Uncommon trap: reason=unstable_if action=reinterpret pc=0x0000026836927dbc method=java.util.Properties.loadConvert([CIILjava/lang/StringBuilder;)Ljava/lang/String; @ 491 c2
Event: 13.074 Thread 0x000002688f402fd0 DEOPT PACKING pc=0x0000026836927dbc sp=0x000000c6152f7b30
Event: 13.074 Thread 0x000002688f402fd0 DEOPT UNPACKING pc=0x0000026836153aa2 sp=0x000000c6152f7b20 mode 2
Event: 13.127 Thread 0x000002688f402fd0 Uncommon trap: trap_request=0xffffff45 fr.pc=0x000002683688b074 relative=0x0000000000000054
Event: 13.127 Thread 0x000002688f402fd0 Uncommon trap: reason=unstable_if action=reinterpret pc=0x000002683688b074 method=java.lang.CharacterData.of(I)Ljava/lang/CharacterData; @ 4 c2
Event: 13.127 Thread 0x000002688f402fd0 DEOPT PACKING pc=0x000002683688b074 sp=0x000000c6152f8ea0
Event: 13.127 Thread 0x000002688f402fd0 DEOPT UNPACKING pc=0x0000026836153aa2 sp=0x000000c6152f8e38 mode 2
Event: 13.369 Thread 0x000002688f402fd0 Uncommon trap: trap_request=0xffffff45 fr.pc=0x0000026836914e90 relative=0x0000000000000850
Event: 13.369 Thread 0x000002688f402fd0 Uncommon trap: reason=unstable_if action=reinterpret pc=0x0000026836914e90 method=java.io.BufferedInputStream.implRead([BII)I @ 55 c2
Event: 13.369 Thread 0x000002688f402fd0 DEOPT PACKING pc=0x0000026836914e90 sp=0x000000c6152f9580
Event: 13.369 Thread 0x000002688f402fd0 DEOPT UNPACKING pc=0x0000026836153aa2 sp=0x000000c6152f94c8 mode 2
Event: 13.370 Thread 0x000002688f402fd0 Uncommon trap: trap_request=0xffffff45 fr.pc=0x00000268369121a0 relative=0x0000000000000960
Event: 13.370 Thread 0x000002688f402fd0 Uncommon trap: reason=unstable_if action=reinterpret pc=0x00000268369121a0 method=java.io.DataInputStream.readFully([BII)V @ 37 c2
Event: 13.370 Thread 0x000002688f402fd0 DEOPT PACKING pc=0x00000268369121a0 sp=0x000000c6152f9660
Event: 13.370 Thread 0x000002688f402fd0 DEOPT UNPACKING pc=0x0000026836153aa2 sp=0x000000c6152f9660 mode 2
Event: 13.433 Thread 0x000002688f402fd0 Uncommon trap: trap_request=0xffffff45 fr.pc=0x00000268368f636c relative=0x000000000000004c
Event: 13.433 Thread 0x000002688f402fd0 Uncommon trap: reason=unstable_if action=reinterpret pc=0x00000268368f636c method=sun.nio.fs.WindowsPathParser.isSlash(C)Z @ 9 c2
Event: 13.433 Thread 0x000002688f402fd0 DEOPT PACKING pc=0x00000268368f636c sp=0x000000c6152f91e0
Event: 13.433 Thread 0x000002688f402fd0 DEOPT UNPACKING pc=0x0000026836153aa2 sp=0x000000c6152f9168 mode 2

Classes loaded (20 events):
Event: 13.480 Loading class javax/xml/parsers/DocumentBuilderFactory
Event: 13.480 Loading class javax/xml/parsers/DocumentBuilderFactory done
Event: 13.482 Loading class com/sun/org/apache/xerces/internal/jaxp/DocumentBuilderFactoryImpl
Event: 13.483 Loading class com/sun/org/apache/xerces/internal/jaxp/DocumentBuilderFactoryImpl done
Event: 13.483 Loading class jdk/xml/internal/XMLSecurityManager
Event: 13.484 Loading class jdk/xml/internal/XMLSecurityManager done
Event: 13.485 Loading class jdk/xml/internal/XMLSecurityManager$Limit
Event: 13.485 Loading class jdk/xml/internal/XMLSecurityManager$Limit done
Event: 13.485 Loading class jdk/xml/internal/XMLSecurityManager$Processor
Event: 13.486 Loading class jdk/xml/internal/XMLSecurityManager$Processor done
Event: 13.486 Loading class jdk/xml/internal/XMLSecurityManager$NameMap
Event: 13.486 Loading class jdk/xml/internal/XMLSecurityManager$NameMap done
Event: 13.486 Loading class com/sun/org/apache/xerces/internal/jaxp/DocumentBuilderImpl
Event: 13.487 Loading class javax/xml/parsers/DocumentBuilder
Event: 13.487 Loading class javax/xml/parsers/DocumentBuilder done
Event: 13.487 Loading class com/sun/org/apache/xerces/internal/jaxp/DocumentBuilderImpl done
Event: 13.487 Loading class com/sun/org/apache/xerces/internal/parsers/DOMParser
Event: 13.488 Loading class com/sun/org/apache/xerces/internal/parsers/AbstractDOMParser
Event: 13.490 Loading class com/sun/org/apache/xerces/internal/parsers/AbstractDOMParser done
Event: 13.490 Loading class com/sun/org/apache/xerces/internal/parsers/DOMParser done

Classes unloaded (0 events):
No events

Classes redefined (0 events):
No events

Internal exceptions (20 events):
Event: 3.519 Thread 0x00000268295d3430 Exception <a 'java/lang/NoSuchMethodError'{0x00000007abadbf00}: 'int java.lang.invoke.DirectMethodHandle$Holder.invokeStaticInit(java.lang.Object, java.lang.Object)'> (0x00000007abadbf00) 
thrown [s\src\hotspot\share\interpreter\linkResolver.cpp, line 773]
Event: 3.639 Thread 0x00000268295d3430 Exception <a 'java/lang/NoSuchMethodError'{0x00000007abd64980}: 'java.lang.Object java.lang.invoke.DirectMethodHandle$Holder.newInvokeSpecial(java.lang.Object, int, java.lang.Object)'> (0x00000007abd64980) 
thrown [s\src\hotspot\share\interpreter\linkResolver.cpp, line 773]
Event: 3.743 Thread 0x00000268295d3430 Exception <a 'java/lang/ClassNotFoundException'{0x00000007abf981b0}: sun/net/www/protocol/plurl/Handler> (0x00000007abf981b0) 
thrown [s\src\hotspot\share\classfile\systemDictionary.cpp, line 313]
Event: 3.744 Thread 0x00000268295d3430 Exception <a 'java/lang/ClassNotFoundException'{0x00000007abf99030}: sun/net/www/protocol/plurl/Handler> (0x00000007abf99030) 
thrown [s\src\hotspot\share\classfile\systemDictionary.cpp, line 313]
Event: 11.813 Thread 0x00000268295d3430 Exception <a 'java/lang/UnsatisfiedLinkError'{0x00000007aab3e2e8}: 'void org.eclipse.equinox.launcher.JNIBridge._update_splash()'> (0x00000007aab3e2e8) 
thrown [s\src\hotspot\share\prims\nativeLookup.cpp, line 415]
Event: 11.947 Thread 0x000002688f402fd0 Exception <a 'java/lang/NullPointerException'{0x00000007aaec9368}> (0x00000007aaec9368) 
thrown [s\src\hotspot\share\interpreter\linkResolver.cpp, line 1372]
Event: 11.947 Thread 0x000002688f402fd0 Exception <a 'java/lang/NullPointerException'{0x00000007aaec9648}> (0x00000007aaec9648) 
thrown [s\src\hotspot\share\interpreter\linkResolver.cpp, line 1372]
Event: 12.348 Thread 0x000002688f402fd0 Exception <a 'java/lang/NoSuchMethodError'{0x00000007ab7bf418}: 'long java.lang.invoke.DirectMethodHandle$Holder.invokeSpecial(java.lang.Object, java.lang.Object)'> (0x00000007ab7bf418) 
thrown [s\src\hotspot\share\interpreter\linkResolver.cpp, line 773]
Event: 12.451 Thread 0x000002688f402fd0 Exception <a 'java/io/FileNotFoundException'{0x00000007ab988e38}> (0x00000007ab988e38) 
thrown [s\src\hotspot\share\prims\jni.cpp, line 520]
Event: 12.647 Thread 0x000002688f402fd0 Exception <a 'java/lang/NoSuchMethodError'{0x00000007abcccfe0}: 'java.lang.Object java.lang.invoke.Invokers$Holder.linkToTargetMethod(java.lang.Object, long, java.lang.Object)'> (0x00000007abcccfe0) 
thrown [s\src\hotspot\share\interpreter\linkResolver.cpp, line 773]
Event: 12.755 Thread 0x000002688f402fd0 Exception <a 'java/lang/NoSuchMethodError'{0x00000007ac053e30}: 'void java.lang.invoke.DirectMethodHandle$Holder.invokeInterface(java.lang.Object, java.lang.Object, java.lang.Object)'> (0x00000007ac053e30) 
thrown [s\src\hotspot\share\interpreter\linkResolver.cpp, line 773]
Event: 12.825 Thread 0x000002688f402fd0 Exception <a 'java/lang/NoSuchMethodError'{0x00000007ac271430}: 'void java.lang.invoke.Invokers$Holder.invokeExact_MT(java.lang.Object, java.lang.Object, java.lang.Object)'> (0x00000007ac271430) 
thrown [s\src\hotspot\share\interpreter\linkResolver.cpp, line 773]
Event: 12.957 Thread 0x000002688f402fd0 Exception <a 'java/lang/NoSuchMethodError'{0x00000007aac9c170}: 'java.lang.Object java.lang.invoke.DirectMethodHandle$Holder.invokeVirtual(java.lang.Object, java.lang.Object, java.lang.Object)'> (0x00000007aac9c170) 
thrown [s\src\hotspot\share\interpreter\linkResolver.cpp, line 773]
Event: 12.961 Thread 0x000002688f402fd0 Exception <a 'java/lang/NoSuchMethodError'{0x00000007aacb3c08}: 'java.lang.Object java.lang.invoke.DelegatingMethodHandle$Holder.reinvoke_L(java.lang.Object, java.lang.Object, java.lang.Object, java.lang.Object, int, int)'> (0x00000007aacb3c08) 
thrown [s\src\hotspot\share\interpreter\linkResolver.cpp, line 773]
Event: 12.967 Thread 0x000002688f402fd0 Exception <a 'java/lang/NoSuchMethodError'{0x00000007aaceaff0}: 'java.lang.Object java.lang.invoke.DirectMethodHandle$Holder.newInvokeSpecial(java.lang.Object, java.lang.Object, java.lang.Object, java.lang.Object, java.lang.Object, java.lang.Object)'> (0x00000007aaceaff0) 
thrown [s\src\hotspot\share\interpreter\linkResolver.cpp, line 773]
Event: 12.973 Thread 0x000002688f402fd0 Exception <a 'java/lang/NoSuchMethodError'{0x00000007aad16b70}: 'void java.lang.invoke.Invokers$Holder.invokeExact_MT(java.lang.Object, java.lang.Object, java.lang.Object, java.lang.Object)'> (0x00000007aad16b70) 
thrown [s\src\hotspot\share\interpreter\linkResolver.cpp, line 773]
Event: 13.159 Thread 0x000002688f402fd0 Exception <a 'java/io/FileNotFoundException'{0x00000007ab105b00}> (0x00000007ab105b00) 
thrown [s\src\hotspot\share\prims\jni.cpp, line 520]
Event: 13.160 Thread 0x000002688f402fd0 Exception <a 'java/io/FileNotFoundException'{0x00000007ab10c768}> (0x00000007ab10c768) 
thrown [s\src\hotspot\share\prims\jni.cpp, line 520]
Event: 13.319 Thread 0x000002688f402fd0 Exception <a 'java/lang/NoSuchMethodError'{0x00000007ab60d7a8}: 'java.lang.Object java.lang.invoke.DirectMethodHandle$Holder.newInvokeSpecial(java.lang.Object, java.lang.Object, java.lang.Object, java.lang.Object, java.lang.Object)'> (0x00000007ab60d7a8) 
thrown [s\src\hotspot\share\interpreter\linkResolver.cpp, line 773]
Event: 13.450 Thread 0x000002688f402fd0 Exception <a 'java/lang/NoSuchMethodError'{0x00000007ab951e00}: 'java.lang.Object java.lang.invoke.DirectMethodHandle$Holder.invokeStaticInit(java.lang.Object, int)'> (0x00000007ab951e00) 
thrown [s\src\hotspot\share\interpreter\linkResolver.cpp, line 773]

ZGC Phase Switch (0 events):
No events

VM Operations (20 events):
Event: 3.608 Executing non-safepoint VM operation: HandshakeAllThreads (Deoptimize)
Event: 3.608 Executing non-safepoint VM operation: HandshakeAllThreads (Deoptimize) done
Event: 3.730 Executing non-safepoint VM operation: HandshakeAllThreads (Deoptimize)
Event: 3.730 Executing non-safepoint VM operation: HandshakeAllThreads (Deoptimize) done
Event: 4.741 Executing safepoint VM operation: Cleanup
Event: 4.741 Executing safepoint VM operation: Cleanup done
Event: 11.793 Executing safepoint VM operation: ParallelGCFailedAllocation (Allocation Failure)
Event: 11.803 Executing safepoint VM operation: ParallelGCFailedAllocation (Allocation Failure) done
Event: 12.133 Executing non-safepoint VM operation: HandshakeAllThreads (Deoptimize)
Event: 12.133 Executing non-safepoint VM operation: HandshakeAllThreads (Deoptimize) done
Event: 12.703 Executing non-safepoint VM operation: HandshakeAllThreads (Deoptimize)
Event: 12.703 Executing non-safepoint VM operation: HandshakeAllThreads (Deoptimize) done
Event: 12.899 Executing safepoint VM operation: ParallelGCFailedAllocation (Allocation Failure)
Event: 12.907 Executing safepoint VM operation: ParallelGCFailedAllocation (Allocation Failure) done
Event: 13.097 Executing non-safepoint VM operation: HandshakeAllThreads (Deoptimize)
Event: 13.097 Executing non-safepoint VM operation: HandshakeAllThreads (Deoptimize) done
Event: 13.106 Executing non-safepoint VM operation: HandshakeAllThreads (Deoptimize)
Event: 13.106 Executing non-safepoint VM operation: HandshakeAllThreads (Deoptimize) done
Event: 13.129 Executing non-safepoint VM operation: HandshakeAllThreads (Deoptimize)
Event: 13.129 Executing non-safepoint VM operation: HandshakeAllThreads (Deoptimize) done

Memory protections (0 events):
No events

Nmethod flushes (0 events):
No events

Events (19 events):
Event: 0.389 Thread 0x00000268295d3430 Thread added: 0x00000268295d3430
Event: 0.487 Thread 0x00000268295d3430 Thread added: 0x0000026846ebdac0
Event: 0.487 Thread 0x00000268295d3430 Thread added: 0x000002682bb5a2b0
Event: 0.488 Thread 0x00000268295d3430 Thread added: 0x000002682bb60db0
Event: 0.488 Thread 0x00000268295d3430 Thread added: 0x000002682bb61810
Event: 0.489 Thread 0x00000268295d3430 Thread added: 0x000002682bb6aab0
Event: 0.490 Thread 0x00000268295d3430 Thread added: 0x00000268893b4f60
Event: 0.491 Thread 0x00000268295d3430 Thread added: 0x00000268893b7450
Event: 0.491 Thread 0x00000268295d3430 Thread added: 0x00000268893b8d60
Event: 0.635 Thread 0x00000268295d3430 Thread added: 0x00000268896119d0
Event: 1.541 Thread 0x00000268295d3430 Thread added: 0x00000268896f7090
Event: 2.289 Thread 0x00000268893b8d60 Thread added: 0x000002688f220c10
Event: 3.549 Thread 0x00000268295d3430 Thread added: 0x000002688f5fc580
Event: 8.627 Thread 0x000002688f220c10 Thread exited: 0x000002688f220c10
Event: 11.791 Thread 0x00000268295d3430 Thread added: 0x000002688f220c10
Event: 11.811 Thread 0x00000268295d3430 Thread added: 0x000002688f402fd0
Event: 11.884 Thread 0x000002688f402fd0 Thread added: 0x000002688f017310
Event: 11.953 Thread 0x00000268893b8d60 Thread added: 0x00000268895c88c0
Event: 12.771 Thread 0x000002688f402fd0 Thread added: 0x000002688f93fef0


Dynamic libraries:
0x00007ff73b8b0000 - 0x00007ff73b8be000 	c:\Users\Himal\.vscode\extensions\redhat.java-1.56.0-win32-x64\jre\21.0.12.1-win32-x86_64\bin\java.exe
0x00007ff9766a0000 - 0x00007ff976907000 	C:\WINDOWS\SYSTEM32\ntdll.dll
0x00007ff975ec0000 - 0x00007ff975f8a000 	C:\WINDOWS\System32\KERNEL32.DLL
0x00007ff9738f0000 - 0x00007ff973cf2000 	C:\WINDOWS\System32\KERNELBASE.dll
0x00007ff970660000 - 0x00007ff9706ff000 	C:\WINDOWS\SYSTEM32\apphelp.dll
0x00007ff9741e0000 - 0x00007ff97432c000 	C:\WINDOWS\System32\ucrtbase.dll
0x00007ff969540000 - 0x00007ff969558000 	c:\Users\Himal\.vscode\extensions\redhat.java-1.56.0-win32-x64\jre\21.0.12.1-win32-x86_64\bin\jli.dll
0x00007ff969560000 - 0x00007ff96957e000 	c:\Users\Himal\.vscode\extensions\redhat.java-1.56.0-win32-x64\jre\21.0.12.1-win32-x86_64\bin\VCRUNTIME140.dll
0x00007ff9762d0000 - 0x00007ff97649f000 	C:\WINDOWS\System32\USER32.dll
0x00007ff973f70000 - 0x00007ff973f97000 	C:\WINDOWS\System32\win32u.dll
0x00007ff9613b0000 - 0x00007ff961640000 	C:\WINDOWS\WinSxS\amd64_microsoft.windows.common-controls_6595b64144ccf1df_6.0.26100.9278_none_3e0d1ba8e3303201\COMCTL32.dll
0x00007ff974870000 - 0x00007ff97489b000 	C:\WINDOWS\System32\GDI32.dll
0x00007ff9765b0000 - 0x00007ff976659000 	C:\WINDOWS\System32\msvcrt.dll
0x00007ff973d00000 - 0x00007ff973e29000 	C:\WINDOWS\System32\gdi32full.dll
0x00007ff973fa0000 - 0x00007ff974043000 	C:\WINDOWS\System32\msvcp_win.dll
0x00007ff975d40000 - 0x00007ff975d71000 	C:\WINDOWS\System32\IMM32.DLL
0x00007ff970620000 - 0x00007ff97062c000 	c:\Users\Himal\.vscode\extensions\redhat.java-1.56.0-win32-x64\jre\21.0.12.1-win32-x86_64\bin\vcruntime140_1.dll
0x00007ff9521c0000 - 0x00007ff95224d000 	c:\Users\Himal\.vscode\extensions\redhat.java-1.56.0-win32-x64\jre\21.0.12.1-win32-x86_64\bin\msvcp140.dll
0x00007ff893630000 - 0x00007ff8943d2000 	c:\Users\Himal\.vscode\extensions\redhat.java-1.56.0-win32-x64\jre\21.0.12.1-win32-x86_64\bin\server\jvm.dll
0x00007ff975e00000 - 0x00007ff975ebc000 	C:\WINDOWS\System32\ADVAPI32.dll
0x00007ff975c90000 - 0x00007ff975d39000 	C:\WINDOWS\System32\sechost.dll
0x00007ff974600000 - 0x00007ff974718000 	C:\WINDOWS\System32\RPCRT4.dll
0x00007ff976170000 - 0x00007ff9761f0000 	C:\WINDOWS\System32\WS2_32.dll
0x00007ff973750000 - 0x00007ff9737ae000 	C:\WINDOWS\SYSTEM32\POWRPROF.dll
0x00007ff96c290000 - 0x00007ff96c2c6000 	C:\WINDOWS\SYSTEM32\WINMM.dll
0x00007ff96c2d0000 - 0x00007ff96c2db000 	C:\WINDOWS\SYSTEM32\VERSION.dll
0x00007ff973680000 - 0x00007ff973695000 	C:\WINDOWS\SYSTEM32\UMPDC.dll
0x00007ff972620000 - 0x00007ff97263b000 	C:\WINDOWS\SYSTEM32\kernel.appcore.dll
0x00007ff96ff50000 - 0x00007ff96ff5a000 	c:\Users\Himal\.vscode\extensions\redhat.java-1.56.0-win32-x64\jre\21.0.12.1-win32-x86_64\bin\jimage.dll
0x00007ff971160000 - 0x00007ff9713a2000 	C:\WINDOWS\SYSTEM32\DBGHELP.DLL
0x00007ff974ef0000 - 0x00007ff975274000 	C:\WINDOWS\System32\combase.dll
0x00007ff975280000 - 0x00007ff975359000 	C:\WINDOWS\System32\OLEAUT32.dll
0x00007ff958d60000 - 0x00007ff958d9b000 	C:\WINDOWS\SYSTEM32\dbgcore.DLL
0x00007ff973e30000 - 0x00007ff973edc000 	C:\WINDOWS\System32\bcryptPrimitives.dll
0x00007ff96e9d0000 - 0x00007ff96e9df000 	c:\Users\Himal\.vscode\extensions\redhat.java-1.56.0-win32-x64\jre\21.0.12.1-win32-x86_64\bin\instrument.dll
0x00007ff967a00000 - 0x00007ff967a20000 	c:\Users\Himal\.vscode\extensions\redhat.java-1.56.0-win32-x64\jre\21.0.12.1-win32-x86_64\bin\java.dll
0x00007ff975360000 - 0x00007ff975af8000 	C:\WINDOWS\System32\SHELL32.dll
0x00007ff971410000 - 0x00007ff971cbe000 	C:\WINDOWS\SYSTEM32\windows.storage.dll
0x00007ff9748b0000 - 0x00007ff9749ab000 	C:\WINDOWS\System32\SHCORE.dll
0x00007ff9743f0000 - 0x00007ff974456000 	C:\WINDOWS\System32\shlwapi.dll
0x00007ff973810000 - 0x00007ff973839000 	C:\WINDOWS\SYSTEM32\profapi.dll
0x00007ff968c20000 - 0x00007ff968c38000 	c:\Users\Himal\.vscode\extensions\redhat.java-1.56.0-win32-x64\jre\21.0.12.1-win32-x86_64\bin\zip.dll
0x00007ff970310000 - 0x00007ff970320000 	C:\Users\Himal\.vscode\extensions\redhat.java-1.56.0-win32-x64\jre\21.0.12.1-win32-x86_64\bin\net.dll
0x00007ff96bf90000 - 0x00007ff96c0ba000 	C:\WINDOWS\SYSTEM32\WINHTTP.dll
0x00007ff972bb0000 - 0x00007ff972c1c000 	C:\WINDOWS\system32\mswsock.dll
0x00007ff968680000 - 0x00007ff968696000 	C:\Users\Himal\.vscode\extensions\redhat.java-1.56.0-win32-x64\jre\21.0.12.1-win32-x86_64\bin\nio.dll
0x00007ff966000000 - 0x00007ff966010000 	c:\Users\Himal\.vscode\extensions\redhat.java-1.56.0-win32-x64\jre\21.0.12.1-win32-x86_64\bin\verify.dll
0x00007ff952300000 - 0x00007ff952345000 	C:\Users\Himal\AppData\Roaming\Code\User\globalStorage\redhat.java\1.56.0\config_ss_win\org.eclipse.equinox.launcher\org.eclipse.equinox.launcher.win32.win32.x86_64_1.3.100.v20260804-1928\eclipse_11924.dll
0x00007ff974460000 - 0x00007ff9745f9000 	C:\WINDOWS\System32\ole32.dll

JVMTI agents:
c:\Users\Himal\.vscode\extensions\redhat.java-1.56.0-win32-x64\lombok\lombok-1.18.39-4050.jar path:c:\Users\Himal\.vscode\extensions\redhat.java-1.56.0-win32-x64\jre\21.0.12.1-win32-x86_64\bin\instrument.dll, loaded, initialized, instrumentlib options:none

dbghelp: loaded successfully - version: 4.0.5 - missing functions: none
symbol engine: initialized successfully - sym options: 0x614 - pdb path: .;c:\Users\Himal\.vscode\extensions\redhat.java-1.56.0-win32-x64\jre\21.0.12.1-win32-x86_64\bin;C:\WINDOWS\SYSTEM32;C:\WINDOWS\WinSxS\amd64_microsoft.windows.common-controls_6595b64144ccf1df_6.0.26100.9278_none_3e0d1ba8e3303201;c:\Users\Himal\.vscode\extensions\redhat.java-1.56.0-win32-x64\jre\21.0.12.1-win32-x86_64\bin\server;C:\Users\Himal\AppData\Roaming\Code\User\globalStorage\redhat.java\1.56.0\config_ss_win\org.eclipse.equinox.launcher\org.eclipse.equinox.launcher.win32.win32.x86_64_1.3.100.v20260804-1928

VM Arguments:
jvm_args: --add-modules=ALL-SYSTEM --add-opens=java.base/java.util=ALL-UNNAMED --add-opens=java.base/java.lang=ALL-UNNAMED --add-opens=java.base/sun.nio.fs=ALL-UNNAMED -Declipse.application=org.eclipse.jdt.ls.core.id1 -Dosgi.bundles.defaultStartLevel=4 -Declipse.product=org.eclipse.jdt.ls.core.product -Djava.import.generatesMetadataFilesAtProjectRoot=false -Dm2e.project.cache.size=50 -DDetectVMInstallationsJob.disabled=true -Dfile.encoding=utf8 -XX:+UseParallelGC -XX:GCTimeRatio=4 -XX:AdaptiveSizePolicyWeight=90 -Dsun.zip.disableMemoryMapping=true -Xmx4G -Xms100m -Xlog:disable -javaagent:c:\Users\Himal\.vscode\extensions\redhat.java-1.56.0-win32-x64\lombok\lombok-1.18.39-4050.jar 
java_command: c:\Users\Himal\.vscode\extensions\redhat.java-1.56.0-win32-x64\server\plugins\org.eclipse.equinox.launcher_1.8.0.v20260804-1928.jar -configuration c:\Users\Himal\AppData\Roaming\Code\User\globalStorage\redhat.java\1.56.0\config_ss_win -data c:\Users\Himal\AppData\Roaming\Code\User\workspaceStorage\b3afb59f7a162a8b71c733874936456c\redhat.java\ss_ws --pipe=\\.\pipe\lsp-be6a14c228be26db3db5c3e5457abc18-sock
java_class_path (initial): c:\Users\Himal\.vscode\extensions\redhat.java-1.56.0-win32-x64\server\plugins\org.eclipse.equinox.launcher_1.8.0.v20260804-1928.jar
Launcher Type: SUN_STANDARD

[Global flags]
    uintx AdaptiveSizePolicyWeight                 = 90                                        {product} {command line}
     intx CICompilerCount                          = 12                                        {product} {ergonomic}
    uintx GCTimeRatio                              = 4                                         {product} {command line}
   size_t InitialHeapSize                          = 104857600                                 {product} {command line}
   size_t MaxHeapSize                              = 4294967296                                {product} {command line}
   size_t MaxNewSize                               = 1431306240                                {product} {ergonomic}
   size_t MinHeapDeltaBytes                        = 524288                                    {product} {ergonomic}
   size_t MinHeapSize                              = 104857600                                 {product} {command line}
   size_t NewSize                                  = 34603008                                  {product} {ergonomic}
    uintx NonNMethodCodeHeapSize                   = 7602480                                {pd product} {ergonomic}
    uintx NonProfiledCodeHeapSize                  = 122027880                              {pd product} {ergonomic}
   size_t OldSize                                  = 70254592                                  {product} {ergonomic}
    uintx ProfiledCodeHeapSize                     = 122027880                              {pd product} {ergonomic}
    uintx ReservedCodeCacheSize                    = 251658240                              {pd product} {ergonomic}
     bool SegmentedCodeCache                       = true                                      {product} {ergonomic}
   size_t SoftMaxHeapSize                          = 4294967296                             {manageable} {ergonomic}
     bool UseCompressedOops                        = true                           {product lp64_product} {ergonomic}
     bool UseLargePagesIndividualAllocation        = false                                  {pd product} {ergonomic}
     bool UseParallelGC                            = true                                      {product} {command line}

Logging:
Log output configuration:
 #0: stdout all=off uptime,level,tags foldmultilines=false
 #1: stderr all=off uptime,level,tags foldmultilines=false

Release file:
JAVA_VERSION="21.0.12.1" 
MODULES="java.base java.compiler java.datatransfer java.xml java.prefs java.desktop java.instrument java.logging java.management java.security.sasl java.naming java.rmi java.management.rmi java.net.http java.scripting java.security.jgss java.transaction.xa java.sql java.sql.rowset java.xml.crypto java.se java.smartcardio jdk.accessibility jdk.internal.jvmstat jdk.attach jdk.charsets jdk.internal.opt jdk.zipfs jdk.compiler jdk.crypto.ec jdk.crypto.cryptoki jdk.crypto.mscapi jdk.dynalink jdk.internal.ed jdk.editpad jdk.hotspot.agent jdk.httpserver jdk.internal.le jdk.internal.vm.ci jdk.internal.vm.compiler jdk.internal.vm.compiler.management jdk.jartool jdk.javadoc jdk.jcmd jdk.management jdk.management.agent jdk.jconsole jdk.jdeps jdk.jdwp.agent jdk.jdi jdk.jfr jdk.jshell jdk.jsobject jdk.jstatd jdk.localedata jdk.management.jfr jdk.naming.dns jdk.naming.rmi jdk.net jdk.nio.mapmode jdk.random jdk.sctp jdk.security.auth jdk.security.jgss jdk.unsupported jdk.unsupported.desktop jdk.xml.dom" 

Environment Variables:
JAVA_HOME=C:\Program Files\Java\jdk-23
PATH=C:\app\Himal\product\21c\dbhomeXE\bin;C:\Python314\Scripts\;C:\Python314\;C:\Program Files\Common Files\Oracle\Java\javapath;C:\Program Files (x86)\Common Files\Oracle\Java\java8path;C:\Program Files (x86)\Common Files\Oracle\Java\javapath;C:\Program Files\Microsoft\jdk-11.0.17.8-hotspot\bin;C:\Windows\System32;C:\Windows;C:\Windows\System32\wbem;C:\Windows\System32\WindowsPowerShell\v1.0\;C:\Windows\System32\OpenSSH\;C:\Program Files\dotnet\;C:\xampp\php;C:\ProgramData\ComposerSetup\bin;C:\Program Files (x86)\GnuPG\bin;C:\Program Files\Java\jdk-23\bin;C:\Program Files\Git\cmd;C:\Program Files\nodejs\;C:\ProgramData\chocolatey\bin;C:\Program Files (x86)\cloudflared\;C:\Users\Himal\AppData\Local\Microsoft\WindowsApps;C:\Users\Himal\AppData\Local\Programs\Microsoft VS Code\bin;C:\Program Files\Microsoft\jdk-11.0.17.8-hotspot;C:\Users\Himal\AppData\Local\Android\Sdk\platform-tools;C:\Users\Himal\AppData\Roaming\Composer\vendor\bin;C:\Users\Himal\AppData\Roaming\npm;C:\Users\Himal\AppData\Local\GitHubDesktop\bin;
USERNAME=Himal
OS=Windows_NT
PROCESSOR_IDENTIFIER=AMD64 Family 23 Model 96 Stepping 1, AuthenticAMD
TMP=C:\Users\Himal\AppData\Local\Temp
TEMP=C:\Users\Himal\AppData\Local\Temp




Periodic native trim disabled

---------------  S Y S T E M  ---------------

OS:
 Windows 11 , 64 bit Build 26100 (10.0.26100.9278)
OS uptime: 2 days 7:21 hours

CPU: total 16 (initial active 16) (16 cores per cpu, 2 threads per core) family 23 model 96 stepping 1 microcode 0x860010c, cx8, cmov, fxsr, ht, mmx, 3dnowpref, sse, sse2, sse3, ssse3, sse4a, sse4.1, sse4.2, popcnt, lzcnt, tsc, tscinvbit, avx, avx2, aes, clmul, bmi1, bmi2, adx, sha, fma, vzeroupper, clflush, clflushopt, rdtscp, rdpid, f16c
Processor Information for the first 16 processors :
  Max Mhz: 2900, Current Mhz: 1700, Mhz Limit: 2900

Memory: 4k page, system-wide physical 7545M (140M free)
TotalPageFile size 31097M (AvailPageFile size 19M)
current process WorkingSet (physical memory assigned to process): 118M, peak: 118M
current process commit charge ("private bytes"): 343M, peak: 343M

vm_info: OpenJDK 64-Bit Server VM (21.0.12.1+1-LTS) for windows-amd64 JRE (21.0.12.1+1-LTS), built on 2026-08-18T00:00:00Z by "admin" with MS VC++ 17.12 (VS2022)

END.
